Component: ARM Compiler 5.06 update 7 (build 960) Tool: armlink [4d3601]

==============================================================================

Section Cross References

    asciilib.o(i.GetASCIICode) refers to rt_memcpy_v6.o(.text) for __aeabi_memcpy
    asciilib.o(i.GetASCIICode) refers to asciilib.o(.constdata) for AsciiLib
    glcd.o(i.LCD_Clear) refers to glcd.o(i.wait_delay) for wait_delay
    glcd.o(i.LCD_Clear) refers to glcd.o(.data) for LCD_Code
    glcd.o(i.LCD_Clear) refers to glcd.o(i.LCD_SetCursor) for LCD_SetCursor
    glcd.o(i.LCD_DrawBargraph) refers to glcd.o(i.LCD_SetPoint) for LCD_SetPoint
    glcd.o(i.LCD_DrawLine) refers to glcd.o(i.LCD_SetPoint) for LCD_SetPoint
    glcd.o(i.LCD_GetPoint) refers to glcd.o(i.LCD_SetCursor) for LCD_SetCursor
    glcd.o(i.LCD_GetPoint) refers to glcd.o(i.wait_delay) for wait_delay
    glcd.o(i.LCD_GetPoint) refers to glcd.o(i.LCD_BGR2RGB) for LCD_BGR2RGB
    glcd.o(i.LCD_GetPoint) refers to glcd.o(.data) for LCD_Code
    glcd.o(i.LCD_Initialization) refers to glcd.o(i.LCD_Configuration) for LCD_Configuration
    glcd.o(i.LCD_Initialization) refers to glcd.o(i.delay_ms) for delay_ms
    glcd.o(i.LCD_Initialization) refers to glcd.o(i.wait_delay) for wait_delay
    glcd.o(i.LCD_Initialization) refers to glcd.o(.data) for LCD_Code
    glcd.o(i.LCD_PutChar) refers to asciilib.o(i.GetASCIICode) for GetASCIICode
    glcd.o(i.LCD_PutChar) refers to glcd.o(i.LCD_SetPoint) for LCD_SetPoint
    glcd.o(i.LCD_PutText) refers to glcd.o(i.LCD_PutChar) for LCD_PutChar
    glcd.o(i.LCD_SetCursor) refers to glcd.o(i.wait_delay) for wait_delay
    glcd.o(i.LCD_SetCursor) refers to glcd.o(.data) for LCD_Code
    glcd.o(i.LCD_SetPoint) refers to glcd.o(i.LCD_SetCursor) for LCD_SetCursor
    glcd.o(i.LCD_SetPoint) refers to glcd.o(i.wait_delay) for wait_delay
    glcd.o(i.LCD_draw_basketball) refers to glcd.o(i.LCD_draw_circle) for LCD_draw_circle
    glcd.o(i.LCD_draw_basketball) refers to glcd.o(i.LCD_draw_cube) for LCD_draw_cube
    glcd.o(i.LCD_draw_circle) refers to glcd.o(i.LCD_SetPoint) for LCD_SetPoint
    glcd.o(i.LCD_draw_cube) refers to glcd.o(i.LCD_SetPoint) for LCD_SetPoint
    glcd.o(i.LCD_draw_home_side) refers to glcd.o(i.LCD_DrawLine) for LCD_DrawLine
    glcd.o(i.LCD_draw_home_side) refers to glcd.o(i.LCD_SetPoint) for LCD_SetPoint
    glcd.o(i.LCD_draw_home_side) refers to glcd.o(i.LCD_draw_basketball) for LCD_draw_basketball
    glcd.o(i.LCD_draw_line) refers to glcd.o(i.LCD_SetPoint) for LCD_SetPoint
    glcd.o(i.LCD_draw_opponent_side) refers to _printf_percent.o(.ARM.Collect$$_printf_percent$$00000000) for _printf_percent
    glcd.o(i.LCD_draw_opponent_side) refers to _printf_d.o(.ARM.Collect$$_printf_percent$$00000009) for _printf_d
    glcd.o(i.LCD_draw_opponent_side) refers to _printf_dec.o(.text) for _printf_int_dec
    glcd.o(i.LCD_draw_opponent_side) refers to glcd.o(i.LCD_DrawLine) for LCD_DrawLine
    glcd.o(i.LCD_draw_opponent_side) refers to glcd.o(i.LCD_SetPoint) for LCD_SetPoint
    glcd.o(i.LCD_draw_opponent_side) refers to glcd.o(i.LCD_draw_pointholders) for LCD_draw_pointholders
    glcd.o(i.LCD_draw_opponent_side) refers to glcd.o(i.LCD_draw_teamholders) for LCD_draw_teamholders
    glcd.o(i.LCD_draw_opponent_side) refers to noretval__2sprintf.o(.text) for __2sprintf
    glcd.o(i.LCD_draw_opponent_side) refers to glcd.o(i.LCD_PutText) for LCD_PutText
    glcd.o(i.LCD_draw_opponent_side) refers to glcd.o(i.LCD_draw_basketball) for LCD_draw_basketball
    glcd.o(i.LCD_draw_pointholders) refers to glcd.o(i.LCD_DrawLine) for LCD_DrawLine
    glcd.o(i.LCD_draw_teamholders) refers to glcd.o(i.LCD_DrawLine) for LCD_DrawLine
    main.o(i.clear_bt_receive_buff) refers to main.o(.bss) for bt_receive_buff
    main.o(i.clear_bt_receive_buff) refers to main.o(.data) for bt_receive_n
    main.o(i.directory) refers to strcmpv7m.o(.text) for strcmp
    main.o(i.main) refers to _printf_percent.o(.ARM.Collect$$_printf_percent$$00000000) for _printf_percent
    main.o(i.main) refers to _printf_i.o(.ARM.Collect$$_printf_percent$$00000008) for _printf_i
    main.o(i.main) refers to _printf_dec.o(.text) for _printf_int_dec
    main.o(i.main) refers to rt_memcpy_w.o(.text) for __aeabi_memcpy4
    main.o(i.main) refers to system_lpc17xx.o(i.SystemInit) for SystemInit
    main.o(i.main) refers to timer.o(i.init_timer0) for init_timer0
    main.o(i.main) refers to serial.o(i.SERIAL_init) for SERIAL_init
    main.o(i.main) refers to glcd.o(i.LCD_Initialization) for LCD_Initialization
    main.o(i.main) refers to glcd.o(i.LCD_Clear) for LCD_Clear
    main.o(i.main) refers to main.o(i.sendCommand) for sendCommand
    main.o(i.main) refers to glcd.o(i.LCD_PutText) for LCD_PutText
    main.o(i.main) refers to serial.o(i.SERIAL_getChar_nb) for SERIAL_getChar_nb
    main.o(i.main) refers to main.o(i.readFromBT) for readFromBT
    main.o(i.main) refers to strstr.o(.text) for strstr
    main.o(i.main) refers to serial.o(i.SERIAL_putString) for SERIAL_putString
    main.o(i.main) refers to atoi.o(.text) for atoi
    main.o(i.main) refers to noretval__2sprintf.o(.text) for __2sprintf
    main.o(i.main) refers to main.o(i.directory) for directory
    main.o(i.main) refers to glcd.o(i.LCD_draw_home_side) for LCD_draw_home_side
    main.o(i.main) refers to glcd.o(i.LCD_draw_opponent_side) for LCD_draw_opponent_side
    main.o(i.main) refers to main.o(.constdata) for .constdata
    main.o(i.main) refers to main.o(.data) for bt_receive_n
    main.o(i.main) refers to main.o(.bss) for bt_receive_buff
    main.o(i.readFromBT) refers to main.o(i.clear_bt_receive_buff) for clear_bt_receive_buff
    main.o(i.readFromBT) refers to serial.o(i.SERIAL_getChar_nb) for SERIAL_getChar_nb
    main.o(i.readFromBT) refers to main.o(.data) for timer0_counter
    main.o(i.readFromBT) refers to main.o(.bss) for bt_receive_buff
    main.o(i.sendCommand) refers to main.o(i.clear_bt_receive_buff) for clear_bt_receive_buff
    main.o(i.sendCommand) refers to serial.o(i.SERIAL_putString) for SERIAL_putString
    main.o(i.sendCommand) refers to serial.o(i.SERIAL_getChar_nb) for SERIAL_getChar_nb
    main.o(i.sendCommand) refers to main.o(.data) for timer0_counter
    main.o(i.sendCommand) refers to main.o(.bss) for bt_receive_buff
    main.o(.constdata) refers to main.o(.conststring) for .conststring
    serial.o(i.SERIAL_init) refers to system_lpc17xx.o(.data) for SystemCoreClock
    serial.o(i.SERIAL_putString) refers to serial.o(i.SERIAL_putChar) for SERIAL_putChar
    timer.o(i.TIMER0_IRQHandler) refers to main.o(.data) for timer0_counter
    timer.o(i.delay_as_10s_of_ms_timer0) refers to main.o(.data) for timer0_counter
    timer.o(i.init_timer0) refers to main.o(.data) for timer0_counter
    startup_lpc17xx.o(STACK) refers (Special) to heapauxi.o(.text) for __use_two_region_memory
    startup_lpc17xx.o(HEAP) refers (Special) to heapauxi.o(.text) for __use_two_region_memory
    startup_lpc17xx.o(RESET) refers (Special) to heapauxi.o(.text) for __use_two_region_memory
    startup_lpc17xx.o(RESET) refers to startup_lpc17xx.o(STACK) for __initial_sp
    startup_lpc17xx.o(RESET) refers to startup_lpc17xx.o(.text) for Reset_Handler
    startup_lpc17xx.o(RESET) refers to timer.o(i.TIMER0_IRQHandler) for TIMER0_IRQHandler
    startup_lpc17xx.o(.ARM.__at_0x02FC) refers (Special) to heapauxi.o(.text) for __use_two_region_memory
    startup_lpc17xx.o(.text) refers (Special) to heapauxi.o(.text) for __use_two_region_memory
    startup_lpc17xx.o(.text) refers to system_lpc17xx.o(i.SystemInit) for SystemInit
    startup_lpc17xx.o(.text) refers to __main.o(!!!main) for __main
    startup_lpc17xx.o(.text) refers to startup_lpc17xx.o(HEAP) for Heap_Mem
    startup_lpc17xx.o(.text) refers to startup_lpc17xx.o(STACK) for Stack_Mem
    system_lpc17xx.o(i.SystemCoreClockUpdate) refers to lludivv7m.o(.text) for __aeabi_uldivmod
    system_lpc17xx.o(i.SystemCoreClockUpdate) refers to system_lpc17xx.o(.data) for SystemCoreClock
    __2sprintf.o(.text) refers to _printf_char_common.o(.text) for _printf_char_common
    __2sprintf.o(.text) refers to _sputc.o(.text) for _sputc
    noretval__2sprintf.o(.text) refers to _printf_char_common.o(.text) for _printf_char_common
    noretval__2sprintf.o(.text) refers to _sputc.o(.text) for _sputc
    __printf.o(.text) refers to _printf_percent.o(.ARM.Collect$$_printf_percent$$00000000) for _printf_percent
    _printf_dec.o(.text) refers to _printf_intcommon.o(.text) for _printf_int_common
    __printf_flags.o(.text) refers to _printf_percent.o(.ARM.Collect$$_printf_percent$$00000000) for _printf_percent
    __printf_flags.o(.text) refers to __printf_flags.o(.constdata) for .constdata
    __printf_ss.o(.text) refers to _printf_percent.o(.ARM.Collect$$_printf_percent$$00000000) for _printf_percent
    __printf_flags_ss.o(.text) refers to _printf_percent.o(.ARM.Collect$$_printf_percent$$00000000) for _printf_percent
    __printf_flags_ss.o(.text) refers to __printf_flags_ss.o(.constdata) for .constdata
    __printf_wp.o(.text) refers to __printf_wp.o(i._is_digit) for _is_digit
    __printf_wp.o(.text) refers to _printf_percent.o(.ARM.Collect$$_printf_percent$$00000000) for _printf_percent
    __printf_flags_wp.o(.text) refers to __printf_wp.o(i._is_digit) for _is_digit
    __printf_flags_wp.o(.text) refers to _printf_percent.o(.ARM.Collect$$_printf_percent$$00000000) for _printf_percent
    __printf_flags_wp.o(.text) refers to __printf_flags_wp.o(.constdata) for .constdata
    __printf_ss_wp.o(.text) refers to __printf_wp.o(i._is_digit) for _is_digit
    __printf_ss_wp.o(.text) refers to _printf_percent.o(.ARM.Collect$$_printf_percent$$00000000) for _printf_percent
    __printf_flags_ss_wp.o(.text) refers to __printf_wp.o(i._is_digit) for _is_digit
    __printf_flags_ss_wp.o(.text) refers to _printf_percent.o(.ARM.Collect$$_printf_percent$$00000000) for _printf_percent
    __printf_flags_ss_wp.o(.text) refers to __printf_flags_ss_wp.o(.constdata) for .constdata
    _printf_i.o(.ARM.Collect$$_printf_percent$$00000008) refers (Weak) to _printf_dec.o(.text) for _printf_int_dec
    _printf_d.o(.ARM.Collect$$_printf_percent$$00000009) refers (Weak) to _printf_dec.o(.text) for _printf_int_dec
    _printf_percent.o(.ARM.Collect$$_printf_percent$$00000000) refers (Special) to _printf_percent_end.o(.ARM.Collect$$_printf_percent$$00000017) for _printf_percent_end
    atoi.o(.text) refers to rt_errno_addr_intlibspace.o(.text) for __aeabi_errno_addr
    atoi.o(.text) refers to strtol.o(.text) for strtol
    rt_memcpy_v6.o(.text) refers to rt_memcpy_w.o(.text) for __aeabi_memcpy4
    __main.o(!!!main) refers to __rtentry.o(.ARM.Collect$$rtentry$$00000000) for __rt_entry
    __rtentry.o(.ARM.Collect$$rtentry$$00000000) refers (Special) to __rtentry2.o(.ARM.Collect$$rtentry$$0000000A) for __rt_entry_li
    __rtentry.o(.ARM.Collect$$rtentry$$00000000) refers (Special) to __rtentry2.o(.ARM.Collect$$rtentry$$0000000D) for __rt_entry_main
    __rtentry.o(.ARM.Collect$$rtentry$$00000000) refers (Special) to __rtentry2.o(.ARM.Collect$$rtentry$$0000000C) for __rt_entry_postli_1
    __rtentry.o(.ARM.Collect$$rtentry$$00000000) refers (Special) to __rtentry2.o(.ARM.Collect$$rtentry$$00000009) for __rt_entry_postsh_1
    __rtentry.o(.ARM.Collect$$rtentry$$00000000) refers (Special) to __rtentry2.o(.ARM.Collect$$rtentry$$00000002) for __rt_entry_presh_1
    __rtentry.o(.ARM.Collect$$rtentry$$00000000) refers (Special) to __rtentry4.o(.ARM.Collect$$rtentry$$00000004) for __rt_entry_sh
    aeabi_ldiv0_sigfpe.o(.text) refers to rt_div0.o(.text) for __rt_div0
    rt_errno_addr.o(.text) refers to rt_errno_addr.o(.bss) for __aeabi_errno_addr_data
    rt_errno_addr_intlibspace.o(.text) refers to libspace.o(.bss) for __libspace_start
    _printf_char_common.o(.text) refers to __printf.o(.text) for __printf
    strtol.o(.text) refers to rt_ctype_table.o(.text) for __rt_ctype_table
    strtol.o(.text) refers to _strtoul.o(.text) for _strtoul
    strtol.o(.text) refers to rt_errno_addr_intlibspace.o(.text) for __aeabi_errno_addr
    libspace.o(.text) refers to libspace.o(.bss) for __libspace_start
    __rtentry2.o(.ARM.Collect$$rtentry$$00000008) refers to boardinit2.o(.text) for _platform_post_stackheap_init
    __rtentry2.o(.ARM.Collect$$rtentry$$0000000A) refers to libinit.o(.ARM.Collect$$libinit$$00000000) for __rt_lib_init
    __rtentry2.o(.ARM.Collect$$rtentry$$0000000B) refers to boardinit3.o(.text) for _platform_post_lib_init
    __rtentry2.o(.ARM.Collect$$rtentry$$0000000D) refers to main.o(i.main) for main
    __rtentry2.o(.ARM.Collect$$rtentry$$0000000D) refers to exit.o(.text) for exit
    __rtentry2.o(.ARM.exidx) refers to __rtentry2.o(.ARM.Collect$$rtentry$$00000001) for .ARM.Collect$$rtentry$$00000001
    __rtentry2.o(.ARM.exidx) refers to __rtentry2.o(.ARM.Collect$$rtentry$$00000008) for .ARM.Collect$$rtentry$$00000008
    __rtentry2.o(.ARM.exidx) refers to __rtentry2.o(.ARM.Collect$$rtentry$$0000000A) for .ARM.Collect$$rtentry$$0000000A
    __rtentry2.o(.ARM.exidx) refers to __rtentry2.o(.ARM.Collect$$rtentry$$0000000B) for .ARM.Collect$$rtentry$$0000000B
    __rtentry2.o(.ARM.exidx) refers to __rtentry2.o(.ARM.Collect$$rtentry$$0000000D) for .ARM.Collect$$rtentry$$0000000D
    __rtentry4.o(.ARM.Collect$$rtentry$$00000004) refers to sys_stackheap_outer.o(.text) for __user_setup_stackheap
    __rtentry4.o(.ARM.exidx) refers to __rtentry4.o(.ARM.Collect$$rtentry$$00000004) for .ARM.Collect$$rtentry$$00000004
    rt_ctype_table.o(.text) refers to rt_locale_intlibspace.o(.text) for __rt_locale
    rt_ctype_table.o(.text) refers to lc_ctype_c.o(locale$$code) for _get_lc_ctype
    rt_div0.o(.text) refers to defsig_fpe_outer.o(.text) for __rt_SIGFPE
    _strtoul.o(.text) refers to _chval.o(.text) for _chval
    _strtoul.o(.text) refers to rt_errno_addr_intlibspace.o(.text) for __aeabi_errno_addr
    sys_stackheap_outer.o(.text) refers to libspace.o(.text) for __user_perproc_libspace
    sys_stackheap_outer.o(.text) refers to startup_lpc17xx.o(.text) for __user_initial_stackheap
    rt_locale.o(.text) refers to rt_locale.o(.bss) for __rt_locale_data
    rt_locale_intlibspace.o(.text) refers to libspace.o(.bss) for __libspace_start
    lc_ctype_c.o(locale$$data) refers (Special) to libinit2.o(.ARM.Collect$$libinit$$00000012) for __rt_lib_init_lc_ctype_2
    lc_ctype_c.o(locale$$code) refers (Special) to libinit2.o(.ARM.Collect$$libinit$$00000012) for __rt_lib_init_lc_ctype_2
    lc_ctype_c.o(locale$$code) refers to strcmpv7m.o(.text) for strcmp
    lc_ctype_c.o(locale$$code) refers to lc_ctype_c.o(locale$$data) for __lcctype_c_name
    exit.o(.text) refers to rtexit.o(.ARM.Collect$$rtexit$$00000000) for __rt_exit
    defsig_fpe_outer.o(.text) refers to defsig_fpe_inner.o(.text) for __rt_SIGFPE_inner
    defsig_fpe_outer.o(.text) refers to defsig_exit.o(.text) for __sig_exit
    defsig_fpe_formal.o(.text) refers to rt_raise.o(.text) for __rt_raise
    libinit.o(.ARM.Collect$$libinit$$00000000) refers (Special) to libinit2.o(.ARM.Collect$$libinit$$0000002E) for __rt_lib_init_alloca_1
    libinit.o(.ARM.Collect$$libinit$$00000000) refers (Special) to libinit2.o(.ARM.Collect$$libinit$$0000002C) for __rt_lib_init_argv_1
    libinit.o(.ARM.Collect$$libinit$$00000000) refers (Special) to libinit2.o(.ARM.Collect$$libinit$$0000001B) for __rt_lib_init_atexit_1
    libinit.o(.ARM.Collect$$libinit$$00000000) refers (Special) to libinit2.o(.ARM.Collect$$libinit$$00000021) for __rt_lib_init_clock_1
    libinit.o(.ARM.Collect$$libinit$$00000000) refers (Special) to libinit2.o(.ARM.Collect$$libinit$$00000032) for __rt_lib_init_cpp_1
    libinit.o(.ARM.Collect$$libinit$$00000000) refers (Special) to libinit2.o(.ARM.Collect$$libinit$$00000030) for __rt_lib_init_exceptions_1
    libinit.o(.ARM.Collect$$libinit$$00000000) refers (Special) to libinit2.o(.ARM.Collect$$libinit$$00000002) for __rt_lib_init_fp_1
    libinit.o(.ARM.Collect$$libinit$$00000000) refers (Special) to libinit2.o(.ARM.Collect$$libinit$$0000001F) for __rt_lib_init_fp_trap_1
    libinit.o(.ARM.Collect$$libinit$$00000000) refers (Special) to libinit2.o(.ARM.Collect$$libinit$$00000023) for __rt_lib_init_getenv_1
    libinit.o(.ARM.Collect$$libinit$$00000000) refers (Special) to libinit2.o(.ARM.Collect$$libinit$$0000000A) for __rt_lib_init_heap_1
    libinit.o(.ARM.Collect$$libinit$$00000000) refers (Special) to libinit2.o(.ARM.Collect$$libinit$$00000011) for __rt_lib_init_lc_collate_1
    libinit.o(.ARM.Collect$$libinit$$00000000) refers (Special) to libinit2.o(.ARM.Collect$$libinit$$00000013) for __rt_lib_init_lc_ctype_1
    libinit.o(.ARM.Collect$$libinit$$00000000) refers (Special) to libinit2.o(.ARM.Collect$$libinit$$00000015) for __rt_lib_init_lc_monetary_1
    libinit.o(.ARM.Collect$$libinit$$00000000) refers (Special) to libinit2.o(.ARM.Collect$$libinit$$00000017) for __rt_lib_init_lc_numeric_1
    libinit.o(.ARM.Collect$$libinit$$00000000) refers (Special) to libinit2.o(.ARM.Collect$$libinit$$00000019) for __rt_lib_init_lc_time_1
    libinit.o(.ARM.Collect$$libinit$$00000000) refers (Special) to libinit2.o(.ARM.Collect$$libinit$$00000004) for __rt_lib_init_preinit_1
    libinit.o(.ARM.Collect$$libinit$$00000000) refers (Special) to libinit2.o(.ARM.Collect$$libinit$$0000000E) for __rt_lib_init_rand_1
    libinit.o(.ARM.Collect$$libinit$$00000000) refers (Special) to libinit2.o(.ARM.Collect$$libinit$$00000033) for __rt_lib_init_return
    libinit.o(.ARM.Collect$$libinit$$00000000) refers (Special) to libinit2.o(.ARM.Collect$$libinit$$0000001D) for __rt_lib_init_signal_1
    libinit.o(.ARM.Collect$$libinit$$00000000) refers (Special) to libinit2.o(.ARM.Collect$$libinit$$00000025) for __rt_lib_init_stdio_1
    libinit.o(.ARM.Collect$$libinit$$00000000) refers (Special) to libinit2.o(.ARM.Collect$$libinit$$0000000C) for __rt_lib_init_user_alloc_1
    rtexit.o(.ARM.Collect$$rtexit$$00000000) refers (Special) to rtexit2.o(.ARM.Collect$$rtexit$$00000004) for __rt_exit_exit
    rtexit.o(.ARM.Collect$$rtexit$$00000000) refers (Special) to rtexit2.o(.ARM.Collect$$rtexit$$00000003) for __rt_exit_ls
    rtexit.o(.ARM.Collect$$rtexit$$00000000) refers (Special) to rtexit2.o(.ARM.Collect$$rtexit$$00000002) for __rt_exit_prels_1
    rtexit.o(.ARM.exidx) refers (Special) to rtexit2.o(.ARM.Collect$$rtexit$$00000004) for __rt_exit_exit
    rtexit.o(.ARM.exidx) refers (Special) to rtexit2.o(.ARM.Collect$$rtexit$$00000003) for __rt_exit_ls
    rtexit.o(.ARM.exidx) refers (Special) to rtexit2.o(.ARM.Collect$$rtexit$$00000002) for __rt_exit_prels_1
    rtexit.o(.ARM.exidx) refers to rtexit.o(.ARM.Collect$$rtexit$$00000000) for .ARM.Collect$$rtexit$$00000000
    rt_raise.o(.text) refers to __raise.o(.text) for __raise
    rt_raise.o(.text) refers to sys_exit.o(.text) for _sys_exit
    defsig_exit.o(.text) refers to sys_exit.o(.text) for _sys_exit
    defsig_fpe_inner.o(.text) refers to defsig_general.o(.text) for __default_signal_display
    libinit2.o(.ARM.Collect$$libinit$$0000000F) refers (Weak) to rt_locale_intlibspace.o(.text) for __rt_locale
    libinit2.o(.ARM.Collect$$libinit$$00000010) refers to libinit2.o(.ARM.Collect$$libinit$$0000000F) for .ARM.Collect$$libinit$$0000000F
    libinit2.o(.ARM.Collect$$libinit$$00000012) refers to libinit2.o(.ARM.Collect$$libinit$$0000000F) for .ARM.Collect$$libinit$$0000000F
    libinit2.o(.ARM.Collect$$libinit$$00000012) refers (Weak) to lc_ctype_c.o(locale$$code) for _get_lc_ctype
    libinit2.o(.ARM.Collect$$libinit$$00000014) refers to libinit2.o(.ARM.Collect$$libinit$$0000000F) for .ARM.Collect$$libinit$$0000000F
    libinit2.o(.ARM.Collect$$libinit$$00000016) refers to libinit2.o(.ARM.Collect$$libinit$$0000000F) for .ARM.Collect$$libinit$$0000000F
    libinit2.o(.ARM.Collect$$libinit$$00000018) refers to libinit2.o(.ARM.Collect$$libinit$$0000000F) for .ARM.Collect$$libinit$$0000000F
    libinit2.o(.ARM.Collect$$libinit$$00000026) refers to argv_veneer.o(.emb_text) for __ARM_argv_veneer
    libinit2.o(.ARM.Collect$$libinit$$00000027) refers to argv_veneer.o(.emb_text) for __ARM_argv_veneer
    sys_exit.o(.text) refers (Special) to use_no_semi.o(.text) for __I$use$semihosting
    sys_exit.o(.text) refers (Special) to indicate_semi.o(.text) for __semihosting_library_function
    rtexit2.o(.ARM.Collect$$rtexit$$00000003) refers to libshutdown.o(.ARM.Collect$$libshutdown$$00000000) for __rt_lib_shutdown
    rtexit2.o(.ARM.Collect$$rtexit$$00000004) refers to sys_exit.o(.text) for _sys_exit
    rtexit2.o(.ARM.exidx) refers to rtexit2.o(.ARM.Collect$$rtexit$$00000001) for .ARM.Collect$$rtexit$$00000001
    rtexit2.o(.ARM.exidx) refers to rtexit2.o(.ARM.Collect$$rtexit$$00000003) for .ARM.Collect$$rtexit$$00000003
    rtexit2.o(.ARM.exidx) refers to rtexit2.o(.ARM.Collect$$rtexit$$00000004) for .ARM.Collect$$rtexit$$00000004
    __raise.o(.text) refers to defsig.o(CL$$defsig) for __default_signal_handler
    defsig_general.o(.text) refers to sys_wrch.o(.text) for _ttywrch
    argv_veneer.o(.emb_text) refers to no_argv.o(.text) for __ARM_get_argv
    sys_wrch.o(.text) refers (Special) to use_no_semi.o(.text) for __I$use$semihosting
    sys_wrch.o(.text) refers (Special) to indicate_semi.o(.text) for __semihosting_library_function
    defsig.o(CL$$defsig) refers to defsig_fpe_inner.o(.text) for __rt_SIGFPE_inner
    defsig.o(CL$$defsig) refers to defsig_rtmem_inner.o(.text) for __rt_SIGRTMEM_inner
    _get_argv_nomalloc.o(.text) refers (Special) to hrguard.o(.text) for __heap_region$guard
    _get_argv_nomalloc.o(.text) refers to defsig_rtmem_outer.o(.text) for __rt_SIGRTMEM
    _get_argv_nomalloc.o(.text) refers to sys_command.o(.text) for _sys_command_string
    libshutdown.o(.ARM.Collect$$libshutdown$$00000000) refers (Special) to libshutdown2.o(.ARM.Collect$$libshutdown$$00000004) for __rt_lib_shutdown_cpp_1
    libshutdown.o(.ARM.Collect$$libshutdown$$00000000) refers (Special) to libshutdown2.o(.ARM.Collect$$libshutdown$$00000002) for __rt_lib_shutdown_fini_1
    libshutdown.o(.ARM.Collect$$libshutdown$$00000000) refers (Special) to libshutdown2.o(.ARM.Collect$$libshutdown$$00000009) for __rt_lib_shutdown_fp_trap_1
    libshutdown.o(.ARM.Collect$$libshutdown$$00000000) refers (Special) to libshutdown2.o(.ARM.Collect$$libshutdown$$00000011) for __rt_lib_shutdown_heap_1
    libshutdown.o(.ARM.Collect$$libshutdown$$00000000) refers (Special) to libshutdown2.o(.ARM.Collect$$libshutdown$$00000012) for __rt_lib_shutdown_return
    libshutdown.o(.ARM.Collect$$libshutdown$$00000000) refers (Special) to libshutdown2.o(.ARM.Collect$$libshutdown$$0000000C) for __rt_lib_shutdown_signal_1
    libshutdown.o(.ARM.Collect$$libshutdown$$00000000) refers (Special) to libshutdown2.o(.ARM.Collect$$libshutdown$$00000006) for __rt_lib_shutdown_stdio_1
    libshutdown.o(.ARM.Collect$$libshutdown$$00000000) refers (Special) to libshutdown2.o(.ARM.Collect$$libshutdown$$0000000E) for __rt_lib_shutdown_user_alloc_1
    sys_command.o(.text) refers (Special) to use_no_semi.o(.text) for __I$use$semihosting
    sys_command.o(.text) refers (Special) to indicate_semi.o(.text) for __semihosting_library_function
    defsig_abrt_inner.o(.text) refers to defsig_general.o(.text) for __default_signal_display
    defsig_rtred_inner.o(.text) refers to defsig_general.o(.text) for __default_signal_display
    defsig_rtmem_inner.o(.text) refers to defsig_general.o(.text) for __default_signal_display
    defsig_rtmem_outer.o(.text) refers to defsig_rtmem_inner.o(.text) for __rt_SIGRTMEM_inner
    defsig_rtmem_outer.o(.text) refers to defsig_exit.o(.text) for __sig_exit
    defsig_rtmem_formal.o(.text) refers to rt_raise.o(.text) for __rt_raise
    defsig_stak_inner.o(.text) refers to defsig_general.o(.text) for __default_signal_display
    defsig_pvfn_inner.o(.text) refers to defsig_general.o(.text) for __default_signal_display
    defsig_cppl_inner.o(.text) refers to defsig_general.o(.text) for __default_signal_display
    defsig_segv_inner.o(.text) refers to defsig_general.o(.text) for __default_signal_display
    defsig_other.o(.text) refers to defsig_general.o(.text) for __default_signal_display


==============================================================================

Removing Unused input sections from the image.

    Removing glcd.o(.rev16_text), (4 bytes).
    Removing glcd.o(.revsh_text), (4 bytes).
    Removing glcd.o(.rrx_text), (6 bytes).
    Removing glcd.o(i.LCD_BGR2RGB), (26 bytes).
    Removing glcd.o(i.LCD_DrawBargraph), (82 bytes).
    Removing glcd.o(i.LCD_GetPoint), (992 bytes).
    Removing glcd.o(i.LCD_draw_circle_full), (2 bytes).
    Removing glcd.o(i.LCD_draw_line), (146 bytes).
    Removing glcd.o(i.LCD_draw_smiley_face), (2 bytes).
    Removing main.o(.rev16_text), (4 bytes).
    Removing main.o(.revsh_text), (4 bytes).
    Removing main.o(.rrx_text), (6 bytes).
    Removing serial.o(.rev16_text), (4 bytes).
    Removing serial.o(.revsh_text), (4 bytes).
    Removing serial.o(.rrx_text), (6 bytes).
    Removing serial.o(i.SERIAL_getChar), (48 bytes).
    Removing timer.o(.rev16_text), (4 bytes).
    Removing timer.o(.revsh_text), (4 bytes).
    Removing timer.o(.rrx_text), (6 bytes).
    Removing timer.o(i.delay_as_10s_of_ms_timer0), (28 bytes).
    Removing timer.o(i.disable_timer0), (10 bytes).
    Removing timer.o(i.enable_timer0), (10 bytes).
    Removing timer.o(i.reset_timer0), (14 bytes).
    Removing gpio_lpc17xx.o(.rev16_text), (4 bytes).
    Removing gpio_lpc17xx.o(.revsh_text), (4 bytes).
    Removing gpio_lpc17xx.o(.rrx_text), (6 bytes).
    Removing gpio_lpc17xx.o(i.GPIO_PinRead), (32 bytes).
    Removing gpio_lpc17xx.o(i.GPIO_PinWrite), (40 bytes).
    Removing gpio_lpc17xx.o(i.GPIO_PortClock), (44 bytes).
    Removing gpio_lpc17xx.o(i.GPIO_PortRead), (20 bytes).
    Removing gpio_lpc17xx.o(i.GPIO_PortWrite), (32 bytes).
    Removing gpio_lpc17xx.o(i.GPIO_SetDir), (56 bytes).
    Removing system_lpc17xx.o(.rev16_text), (4 bytes).
    Removing system_lpc17xx.o(.revsh_text), (4 bytes).
    Removing system_lpc17xx.o(.rrx_text), (6 bytes).
    Removing system_lpc17xx.o(i.SystemCoreClockUpdate), (424 bytes).

36 unused section(s) (total 2092 bytes) removed from the image.

==============================================================================

Image Symbol Table

    Local Symbols

    Symbol Name                              Value     Ov Type        Size  Object(Section)

    RESET                                    0x00000000   Section      204  startup_lpc17xx.o(RESET)
    ../clib/angel/boardlib.s                 0x00000000   Number         0  boardinit1.o ABSOLUTE
    ../clib/angel/boardlib.s                 0x00000000   Number         0  boardshut.o ABSOLUTE
    ../clib/angel/boardlib.s                 0x00000000   Number         0  boardinit2.o ABSOLUTE
    ../clib/angel/boardlib.s                 0x00000000   Number         0  boardinit3.o ABSOLUTE
    ../clib/angel/handlers.s                 0x00000000   Number         0  __scatter_zi.o ABSOLUTE
    ../clib/angel/handlers.s                 0x00000000   Number         0  __scatter_copy.o ABSOLUTE
    ../clib/angel/kernel.s                   0x00000000   Number         0  rtexit.o ABSOLUTE
    ../clib/angel/kernel.s                   0x00000000   Number         0  __rtentry4.o ABSOLUTE
    ../clib/angel/kernel.s                   0x00000000   Number         0  __rtentry2.o ABSOLUTE
    ../clib/angel/kernel.s                   0x00000000   Number         0  __rtentry.o ABSOLUTE
    ../clib/angel/kernel.s                   0x00000000   Number         0  rtexit2.o ABSOLUTE
    ../clib/angel/rt.s                       0x00000000   Number         0  rt_errno_addr_intlibspace.o ABSOLUTE
    ../clib/angel/rt.s                       0x00000000   Number         0  rt_raise.o ABSOLUTE
    ../clib/angel/rt.s                       0x00000000   Number         0  rt_locale_intlibspace.o ABSOLUTE
    ../clib/angel/rt.s                       0x00000000   Number         0  rt_div0.o ABSOLUTE
    ../clib/angel/rt.s                       0x00000000   Number         0  rt_ctype_table.o ABSOLUTE
    ../clib/angel/rt.s                       0x00000000   Number         0  rt_locale.o ABSOLUTE
    ../clib/angel/rt.s                       0x00000000   Number         0  aeabi_ldiv0_sigfpe.o ABSOLUTE
    ../clib/angel/rt.s                       0x00000000   Number         0  aeabi_ldiv0.o ABSOLUTE
    ../clib/angel/rt.s                       0x00000000   Number         0  rt_errno_addr.o ABSOLUTE
    ../clib/angel/scatter.s                  0x00000000   Number         0  __scatter.o ABSOLUTE
    ../clib/angel/startup.s                  0x00000000   Number         0  __main.o ABSOLUTE
    ../clib/angel/sys.s                      0x00000000   Number         0  libspace.o ABSOLUTE
    ../clib/angel/sys.s                      0x00000000   Number         0  sys_stackheap_outer.o ABSOLUTE
    ../clib/angel/sys.s                      0x00000000   Number         0  indicate_semi.o ABSOLUTE
    ../clib/angel/sys.s                      0x00000000   Number         0  use_no_semi.o ABSOLUTE
    ../clib/angel/sysapp.c                   0x00000000   Number         0  sys_exit.o ABSOLUTE
    ../clib/angel/sysapp.c                   0x00000000   Number         0  sys_command.o ABSOLUTE
    ../clib/angel/sysapp.c                   0x00000000   Number         0  sys_wrch.o ABSOLUTE
    ../clib/armsys.c                         0x00000000   Number         0  argv_veneer.o ABSOLUTE
    ../clib/armsys.c                         0x00000000   Number         0  _get_argv_nomalloc.o ABSOLUTE
    ../clib/armsys.c                         0x00000000   Number         0  no_argv.o ABSOLUTE
    ../clib/armsys.c                         0x00000000   Number         0  argv_veneer.o ABSOLUTE
    ../clib/heapalloc.c                      0x00000000   Number         0  hrguard.o ABSOLUTE
    ../clib/heapaux.c                        0x00000000   Number         0  heapauxi.o ABSOLUTE
    ../clib/libinit.s                        0x00000000   Number         0  libshutdown2.o ABSOLUTE
    ../clib/libinit.s                        0x00000000   Number         0  libshutdown.o ABSOLUTE
    ../clib/libinit.s                        0x00000000   Number         0  libinit2.o ABSOLUTE
    ../clib/libinit.s                        0x00000000   Number         0  libinit.o ABSOLUTE
    ../clib/locale.s                         0x00000000   Number         0  lc_ctype_c.o ABSOLUTE
    ../clib/longlong.s                       0x00000000   Number         0  lludivv7m.o ABSOLUTE
    ../clib/memcpset.s                       0x00000000   Number         0  strcmpv7m.o ABSOLUTE
    ../clib/memcpset.s                       0x00000000   Number         0  rt_memcpy_w.o ABSOLUTE
    ../clib/memcpset.s                       0x00000000   Number         0  rt_memcpy_v6.o ABSOLUTE
    ../clib/printf.c                         0x00000000   Number         0  __printf_nopercent.o ABSOLUTE
    ../clib/printf.c                         0x00000000   Number         0  _printf_intcommon.o ABSOLUTE
    ../clib/printf.c                         0x00000000   Number         0  __printf_flags_ss.o ABSOLUTE
    ../clib/printf.c                         0x00000000   Number         0  __printf_wp.o ABSOLUTE
    ../clib/printf.c                         0x00000000   Number         0  _printf_char_common.o ABSOLUTE
    ../clib/printf.c                         0x00000000   Number         0  _sputc.o ABSOLUTE
    ../clib/printf.c                         0x00000000   Number         0  __printf_flags_wp.o ABSOLUTE
    ../clib/printf.c                         0x00000000   Number         0  __printf_flags_ss_wp.o ABSOLUTE
    ../clib/printf.c                         0x00000000   Number         0  __printf_ss_wp.o ABSOLUTE
    ../clib/printf.c                         0x00000000   Number         0  __2sprintf.o ABSOLUTE
    ../clib/printf.c                         0x00000000   Number         0  noretval__2sprintf.o ABSOLUTE
    ../clib/printf.c                         0x00000000   Number         0  __printf.o ABSOLUTE
    ../clib/printf.c                         0x00000000   Number         0  _printf_dec.o ABSOLUTE
    ../clib/printf.c                         0x00000000   Number         0  __printf_flags.o ABSOLUTE
    ../clib/printf.c                         0x00000000   Number         0  __printf_ss.o ABSOLUTE
    ../clib/printf_percent.s                 0x00000000   Number         0  _printf_percent_end.o ABSOLUTE
    ../clib/printf_percent.s                 0x00000000   Number         0  _printf_percent.o ABSOLUTE
    ../clib/printf_percent.s                 0x00000000   Number         0  _printf_d.o ABSOLUTE
    ../clib/printf_percent.s                 0x00000000   Number         0  _printf_i.o ABSOLUTE
    ../clib/scanf.c                          0x00000000   Number         0  strtol.o ABSOLUTE
    ../clib/scanf.c                          0x00000000   Number         0  _chval.o ABSOLUTE
    ../clib/scanf.c                          0x00000000   Number         0  atoi.o ABSOLUTE
    ../clib/scanf.c                          0x00000000   Number         0  _strtoul.o ABSOLUTE
    ../clib/signal.c                         0x00000000   Number         0  defsig_segv_inner.o ABSOLUTE
    ../clib/signal.c                         0x00000000   Number         0  defsig_cppl_inner.o ABSOLUTE
    ../clib/signal.c                         0x00000000   Number         0  defsig_pvfn_inner.o ABSOLUTE
    ../clib/signal.c                         0x00000000   Number         0  defsig_rtmem_formal.o ABSOLUTE
    ../clib/signal.c                         0x00000000   Number         0  defsig_stak_inner.o ABSOLUTE
    ../clib/signal.c                         0x00000000   Number         0  defsig_rtmem_outer.o ABSOLUTE
    ../clib/signal.c                         0x00000000   Number         0  defsig_rtmem_inner.o ABSOLUTE
    ../clib/signal.c                         0x00000000   Number         0  __raise.o ABSOLUTE
    ../clib/signal.c                         0x00000000   Number         0  defsig_general.o ABSOLUTE
    ../clib/signal.c                         0x00000000   Number         0  defsig_fpe_outer.o ABSOLUTE
    ../clib/signal.c                         0x00000000   Number         0  defsig_fpe_inner.o ABSOLUTE
    ../clib/signal.c                         0x00000000   Number         0  defsig_exit.o ABSOLUTE
    ../clib/signal.c                         0x00000000   Number         0  defsig_abrt_inner.o ABSOLUTE
    ../clib/signal.c                         0x00000000   Number         0  defsig_fpe_formal.o ABSOLUTE
    ../clib/signal.c                         0x00000000   Number         0  defsig_rtred_inner.o ABSOLUTE
    ../clib/signal.c                         0x00000000   Number         0  defsig_other.o ABSOLUTE
    ../clib/signal.s                         0x00000000   Number         0  defsig.o ABSOLUTE
    ../clib/stdlib.c                         0x00000000   Number         0  exit.o ABSOLUTE
    ../clib/string.c                         0x00000000   Number         0  strstr.o ABSOLUTE
    ../fplib/fpinit.s                        0x00000000   Number         0  fpinit.o ABSOLUTE
    AsciiLib.c                               0x00000000   Number         0  asciilib.o ABSOLUTE
    C:\Users\carlb\AppData\Local\Arm\Packs\Keil\LPC1700_DFP\2.7.0\RTE_Driver\GPIO_LPC17xx.c 0x00000000   Number         0  gpio_lpc17xx.o ABSOLUTE
    C:\\Users\\carlb\\AppData\\Local\\Arm\\Packs\\Keil\\LPC1700_DFP\\2.7.0\\RTE_Driver\\GPIO_LPC17xx.c 0x00000000   Number         0  gpio_lpc17xx.o ABSOLUTE
    GLCD.c                                   0x00000000   Number         0  glcd.o ABSOLUTE
    GLCD.c                                   0x00000000   Number         0  glcd.o ABSOLUTE
    RTE\Device\LPC1768\startup_LPC17xx.s     0x00000000   Number         0  startup_lpc17xx.o ABSOLUTE
    RTE\Device\LPC1768\system_LPC17xx.c      0x00000000   Number         0  system_lpc17xx.o ABSOLUTE
    RTE\\Device\\LPC1768\\system_LPC17xx.c   0x00000000   Number         0  system_lpc17xx.o ABSOLUTE
    Serial.c                                 0x00000000   Number         0  serial.o ABSOLUTE
    Serial.c                                 0x00000000   Number         0  serial.o ABSOLUTE
    dc.s                                     0x00000000   Number         0  dc.o ABSOLUTE
    main.c                                   0x00000000   Number         0  main.o ABSOLUTE
    main.c                                   0x00000000   Number         0  main.o ABSOLUTE
    timer.c                                  0x00000000   Number         0  timer.o ABSOLUTE
    timer.c                                  0x00000000   Number         0  timer.o ABSOLUTE
    !!!main                                  0x000000cc   Section        8  __main.o(!!!main)
    !!!scatter                               0x000000d4   Section       52  __scatter.o(!!!scatter)
    !!handler_copy                           0x00000108   Section       26  __scatter_copy.o(!!handler_copy)
    !!handler_zi                             0x00000124   Section       28  __scatter_zi.o(!!handler_zi)
    .ARM.Collect$$_printf_percent$$00000000  0x00000140   Section        0  _printf_percent.o(.ARM.Collect$$_printf_percent$$00000000)
    .ARM.Collect$$_printf_percent$$00000008  0x00000140   Section        6  _printf_i.o(.ARM.Collect$$_printf_percent$$00000008)
    .ARM.Collect$$_printf_percent$$00000009  0x00000146   Section        6  _printf_d.o(.ARM.Collect$$_printf_percent$$00000009)
    .ARM.Collect$$_printf_percent$$00000017  0x0000014c   Section        4  _printf_percent_end.o(.ARM.Collect$$_printf_percent$$00000017)
    .ARM.Collect$$libinit$$00000000          0x00000150   Section        2  libinit.o(.ARM.Collect$$libinit$$00000000)
    .ARM.Collect$$libinit$$00000002          0x00000152   Section        0  libinit2.o(.ARM.Collect$$libinit$$00000002)
    .ARM.Collect$$libinit$$00000004          0x00000152   Section        0  libinit2.o(.ARM.Collect$$libinit$$00000004)
    .ARM.Collect$$libinit$$0000000A          0x00000152   Section        0  libinit2.o(.ARM.Collect$$libinit$$0000000A)
    .ARM.Collect$$libinit$$0000000C          0x00000152   Section        0  libinit2.o(.ARM.Collect$$libinit$$0000000C)
    .ARM.Collect$$libinit$$0000000E          0x00000152   Section        0  libinit2.o(.ARM.Collect$$libinit$$0000000E)
    .ARM.Collect$$libinit$$0000000F          0x00000152   Section        6  libinit2.o(.ARM.Collect$$libinit$$0000000F)
    .ARM.Collect$$libinit$$00000011          0x00000158   Section        0  libinit2.o(.ARM.Collect$$libinit$$00000011)
    .ARM.Collect$$libinit$$00000012          0x00000158   Section       12  libinit2.o(.ARM.Collect$$libinit$$00000012)
    .ARM.Collect$$libinit$$00000013          0x00000164   Section        0  libinit2.o(.ARM.Collect$$libinit$$00000013)
    .ARM.Collect$$libinit$$00000015          0x00000164   Section        0  libinit2.o(.ARM.Collect$$libinit$$00000015)
    .ARM.Collect$$libinit$$00000017          0x00000164   Section        0  libinit2.o(.ARM.Collect$$libinit$$00000017)
    .ARM.Collect$$libinit$$00000019          0x00000164   Section        0  libinit2.o(.ARM.Collect$$libinit$$00000019)
    .ARM.Collect$$libinit$$0000001B          0x00000164   Section        0  libinit2.o(.ARM.Collect$$libinit$$0000001B)
    .ARM.Collect$$libinit$$0000001D          0x00000164   Section        0  libinit2.o(.ARM.Collect$$libinit$$0000001D)
    .ARM.Collect$$libinit$$0000001F          0x00000164   Section        0  libinit2.o(.ARM.Collect$$libinit$$0000001F)
    .ARM.Collect$$libinit$$00000021          0x00000164   Section        0  libinit2.o(.ARM.Collect$$libinit$$00000021)
    .ARM.Collect$$libinit$$00000023          0x00000164   Section        0  libinit2.o(.ARM.Collect$$libinit$$00000023)
    .ARM.Collect$$libinit$$00000025          0x00000164   Section        0  libinit2.o(.ARM.Collect$$libinit$$00000025)
    .ARM.Collect$$libinit$$0000002C          0x00000164   Section        0  libinit2.o(.ARM.Collect$$libinit$$0000002C)
    .ARM.Collect$$libinit$$0000002E          0x00000164   Section        0  libinit2.o(.ARM.Collect$$libinit$$0000002E)
    .ARM.Collect$$libinit$$00000030          0x00000164   Section        0  libinit2.o(.ARM.Collect$$libinit$$00000030)
    .ARM.Collect$$libinit$$00000032          0x00000164   Section        0  libinit2.o(.ARM.Collect$$libinit$$00000032)
    .ARM.Collect$$libinit$$00000033          0x00000164   Section        2  libinit2.o(.ARM.Collect$$libinit$$00000033)
    .ARM.Collect$$libshutdown$$00000000      0x00000166   Section        2  libshutdown.o(.ARM.Collect$$libshutdown$$00000000)
    .ARM.Collect$$libshutdown$$00000002      0x00000168   Section        0  libshutdown2.o(.ARM.Collect$$libshutdown$$00000002)
    .ARM.Collect$$libshutdown$$00000004      0x00000168   Section        0  libshutdown2.o(.ARM.Collect$$libshutdown$$00000004)
    .ARM.Collect$$libshutdown$$00000006      0x00000168   Section        0  libshutdown2.o(.ARM.Collect$$libshutdown$$00000006)
    .ARM.Collect$$libshutdown$$00000009      0x00000168   Section        0  libshutdown2.o(.ARM.Collect$$libshutdown$$00000009)
    .ARM.Collect$$libshutdown$$0000000C      0x00000168   Section        0  libshutdown2.o(.ARM.Collect$$libshutdown$$0000000C)
    .ARM.Collect$$libshutdown$$0000000E      0x00000168   Section        0  libshutdown2.o(.ARM.Collect$$libshutdown$$0000000E)
    .ARM.Collect$$libshutdown$$00000011      0x00000168   Section        0  libshutdown2.o(.ARM.Collect$$libshutdown$$00000011)
    .ARM.Collect$$libshutdown$$00000012      0x00000168   Section        2  libshutdown2.o(.ARM.Collect$$libshutdown$$00000012)
    .ARM.Collect$$rtentry$$00000000          0x0000016a   Section        0  __rtentry.o(.ARM.Collect$$rtentry$$00000000)
    .ARM.Collect$$rtentry$$00000002          0x0000016a   Section        0  __rtentry2.o(.ARM.Collect$$rtentry$$00000002)
    .ARM.Collect$$rtentry$$00000004          0x0000016a   Section        6  __rtentry4.o(.ARM.Collect$$rtentry$$00000004)
    .ARM.Collect$$rtentry$$00000009          0x00000170   Section        0  __rtentry2.o(.ARM.Collect$$rtentry$$00000009)
    .ARM.Collect$$rtentry$$0000000A          0x00000170   Section        4  __rtentry2.o(.ARM.Collect$$rtentry$$0000000A)
    .ARM.Collect$$rtentry$$0000000C          0x00000174   Section        0  __rtentry2.o(.ARM.Collect$$rtentry$$0000000C)
    .ARM.Collect$$rtentry$$0000000D          0x00000174   Section        8  __rtentry2.o(.ARM.Collect$$rtentry$$0000000D)
    .ARM.Collect$$rtexit$$00000000           0x0000017c   Section        2  rtexit.o(.ARM.Collect$$rtexit$$00000000)
    .ARM.Collect$$rtexit$$00000002           0x0000017e   Section        0  rtexit2.o(.ARM.Collect$$rtexit$$00000002)
    .ARM.Collect$$rtexit$$00000003           0x0000017e   Section        4  rtexit2.o(.ARM.Collect$$rtexit$$00000003)
    .ARM.Collect$$rtexit$$00000004           0x00000182   Section        6  rtexit2.o(.ARM.Collect$$rtexit$$00000004)
    .text                                    0x00000188   Section       60  startup_lpc17xx.o(.text)
    .text                                    0x000001c4   Section        0  noretval__2sprintf.o(.text)
    .text                                    0x000001ec   Section        0  __printf.o(.text)
    .text                                    0x00000254   Section        0  _printf_dec.o(.text)
    .text                                    0x000002cc   Section        0  atoi.o(.text)
    .text                                    0x000002e6   Section        0  heapauxi.o(.text)
    .text                                    0x000002ec   Section        8  rt_errno_addr_intlibspace.o(.text)
    .text                                    0x000002f4   Section        8  libspace.o(.text)
    .ARM.__at_0x02FC                         0x000002fc   Section        4  startup_lpc17xx.o(.ARM.__at_0x02FC)
    .text                                    0x00000300   Section        0  strstr.o(.text)
    .text                                    0x00000324   Section      138  rt_memcpy_v6.o(.text)
    .text                                    0x000003ae   Section      100  rt_memcpy_w.o(.text)
    .text                                    0x00000414   Section      128  strcmpv7m.o(.text)
    .text                                    0x00000494   Section        0  _printf_intcommon.o(.text)
    .text                                    0x00000548   Section        0  _printf_char_common.o(.text)
    _printf_input_char                       0x00000549   Thumb Code    10  _printf_char_common.o(.text)
    .text                                    0x00000578   Section        0  _sputc.o(.text)
    .text                                    0x00000582   Section        0  strtol.o(.text)
    .text                                    0x000005f4   Section       16  rt_ctype_table.o(.text)
    .text                                    0x00000604   Section        0  _strtoul.o(.text)
    .text                                    0x000006a2   Section       74  sys_stackheap_outer.o(.text)
    .text                                    0x000006ec   Section        8  rt_locale_intlibspace.o(.text)
    .text                                    0x000006f4   Section        0  _chval.o(.text)
    .text                                    0x00000710   Section        0  exit.o(.text)
    .text                                    0x00000724   Section        0  sys_exit.o(.text)
    .text                                    0x00000730   Section        2  use_no_semi.o(.text)
    .text                                    0x00000732   Section        0  indicate_semi.o(.text)
    i.GetASCIICode                           0x00000734   Section        0  asciilib.o(i.GetASCIICode)
    i.LCD_Clear                              0x00000754   Section        0  glcd.o(i.LCD_Clear)
    i.LCD_Configuration                      0x00000d44   Section        0  glcd.o(i.LCD_Configuration)
    LCD_Configuration                        0x00000d45   Thumb Code    20  glcd.o(i.LCD_Configuration)
    i.LCD_DrawLine                           0x00000d5c   Section        0  glcd.o(i.LCD_DrawLine)
    i.LCD_Initialization                     0x00000e58   Section        0  glcd.o(i.LCD_Initialization)
    i.LCD_PutChar                            0x00003d50   Section        0  glcd.o(i.LCD_PutChar)
    i.LCD_PutText                            0x00003db4   Section        0  glcd.o(i.LCD_PutText)
    i.LCD_SetCursor                          0x00003e04   Section        0  glcd.o(i.LCD_SetCursor)
    LCD_SetCursor                            0x00003e05   Thumb Code  1414  glcd.o(i.LCD_SetCursor)
    i.LCD_SetPoint                           0x00004390   Section        0  glcd.o(i.LCD_SetPoint)
    i.LCD_draw_basketball                    0x00004464   Section        0  glcd.o(i.LCD_draw_basketball)
    i.LCD_draw_circle                        0x00004602   Section        0  glcd.o(i.LCD_draw_circle)
    i.LCD_draw_cube                          0x000046c0   Section        0  glcd.o(i.LCD_draw_cube)
    i.LCD_draw_home_side                     0x0000473c   Section        0  glcd.o(i.LCD_draw_home_side)
    i.LCD_draw_opponent_side                 0x0000478c   Section        0  glcd.o(i.LCD_draw_opponent_side)
    i.LCD_draw_pointholders                  0x00004850   Section        0  glcd.o(i.LCD_draw_pointholders)
    i.LCD_draw_teamholders                   0x00004890   Section        0  glcd.o(i.LCD_draw_teamholders)
    i.SERIAL_getChar_nb                      0x000048d0   Section        0  serial.o(i.SERIAL_getChar_nb)
    i.SERIAL_init                            0x00004900   Section        0  serial.o(i.SERIAL_init)
    i.SERIAL_putChar                         0x000049fc   Section        0  serial.o(i.SERIAL_putChar)
    i.SERIAL_putString                       0x00004a30   Section        0  serial.o(i.SERIAL_putString)
    i.SystemInit                             0x00004a4c   Section        0  system_lpc17xx.o(i.SystemInit)
    i.TIMER0_IRQHandler                      0x00004b8c   Section        0  timer.o(i.TIMER0_IRQHandler)
    i.clear_bt_receive_buff                  0x00004ba4   Section        0  main.o(i.clear_bt_receive_buff)
    i.delay_ms                               0x00004bc8   Section        0  glcd.o(i.delay_ms)
    delay_ms                                 0x00004bc9   Thumb Code    30  glcd.o(i.delay_ms)
    i.directory                              0x00004be8   Section        0  main.o(i.directory)
    i.init_timer0                            0x00004eb0   Section        0  timer.o(i.init_timer0)
    i.main                                   0x00004f58   Section        0  main.o(i.main)
    i.readFromBT                             0x00005334   Section        0  main.o(i.readFromBT)
    i.sendCommand                            0x00005398   Section        0  main.o(i.sendCommand)
    i.wait_delay                             0x00005488   Section        0  glcd.o(i.wait_delay)
    wait_delay                               0x00005489   Thumb Code    12  glcd.o(i.wait_delay)
    locale$$code                             0x00005494   Section       44  lc_ctype_c.o(locale$$code)
    .constdata                               0x000054c0   Section     1520  asciilib.o(.constdata)
    AsciiLib                                 0x000054c0   Data        1520  asciilib.o(.constdata)
    .constdata                               0x00005ab0   Section      240  main.o(.constdata)
    .conststring                             0x00005ba0   Section      277  main.o(.conststring)
    locale$$data                             0x00005cd8   Section      272  lc_ctype_c.o(locale$$data)
    __lcctype_c_name                         0x00005cdc   Data           2  lc_ctype_c.o(locale$$data)
    __lcctype_c_start                        0x00005ce4   Data           0  lc_ctype_c.o(locale$$data)
    __lcctype_c_end                          0x00005de8   Data           0  lc_ctype_c.o(locale$$data)
    .data                                    0x10000000   Section        1  glcd.o(.data)
    LCD_Code                                 0x10000000   Data           1  glcd.o(.data)
    .data                                    0x10000004   Section       16  main.o(.data)
    .data                                    0x10000014   Section        4  system_lpc17xx.o(.data)
    .bss                                     0x10000018   Section     1024  main.o(.bss)
    .bss                                     0x10000418   Section       96  libspace.o(.bss)
    HEAP                                     0x10000478   Section        0  startup_lpc17xx.o(HEAP)
    STACK                                    0x10000478   Section      512  startup_lpc17xx.o(STACK)
    Heap_Mem                                 0x10000478   Data           0  startup_lpc17xx.o(HEAP)
    Stack_Mem                                0x10000478   Data         512  startup_lpc17xx.o(STACK)
    __initial_sp                             0x10000678   Data           0  startup_lpc17xx.o(STACK)

    Global Symbols

    Symbol Name                              Value     Ov Type        Size  Object(Section)

    BuildAttributes$$THM_ISAv4$P$D$K$B$S$PE$A:L22UL41UL21$X:L11$S22US41US21$IEEE1$IW$USESV6$~STKCKD$USESV7$~SHL$OSPACE$ROPI$EBA8$UX$STANDARDLIB$REQ8$PRES8$EABIv2 0x00000000   Number         0  anon$$obj.o ABSOLUTE
    __ARM_use_no_argv                        0x00000000   Number         0  main.o ABSOLUTE
    __Vectors                                0x00000000   Data           4  startup_lpc17xx.o(RESET)
    __ARM_exceptions_init                     - Undefined Weak Reference
    __alloca_initialize                       - Undefined Weak Reference
    __arm_fini_                               - Undefined Weak Reference
    __arm_preinit_                            - Undefined Weak Reference
    __cpp_initialize__aeabi_                  - Undefined Weak Reference
    __cxa_finalize                            - Undefined Weak Reference
    __sigvec_lookup                           - Undefined Weak Reference
    _atexit_init                              - Undefined Weak Reference
    _call_atexit_fns                          - Undefined Weak Reference
    _clock_init                               - Undefined Weak Reference
    _fp_trap_init                             - Undefined Weak Reference
    _fp_trap_shutdown                         - Undefined Weak Reference
    _get_lc_collate                           - Undefined Weak Reference
    _get_lc_monetary                          - Undefined Weak Reference
    _get_lc_numeric                           - Undefined Weak Reference
    _get_lc_time                              - Undefined Weak Reference
    _getenv_init                              - Undefined Weak Reference
    _handle_redirection                       - Undefined Weak Reference
    _init_alloc                               - Undefined Weak Reference
    _init_user_alloc                          - Undefined Weak Reference
    _initio                                   - Undefined Weak Reference
    _printf_post_padding                      - Undefined Weak Reference
    _printf_pre_padding                       - Undefined Weak Reference
    _printf_truncate_signed                   - Undefined Weak Reference
    _printf_truncate_unsigned                 - Undefined Weak Reference
    _rand_init                                - Undefined Weak Reference
    _signal_finish                            - Undefined Weak Reference
    _signal_init                              - Undefined Weak Reference
    _terminate_alloc                          - Undefined Weak Reference
    _terminate_user_alloc                     - Undefined Weak Reference
    _terminateio                              - Undefined Weak Reference
    __main                                   0x000000cd   Thumb Code     8  __main.o(!!!main)
    __scatterload                            0x000000d5   Thumb Code     0  __scatter.o(!!!scatter)
    __scatterload_rt2                        0x000000d5   Thumb Code    44  __scatter.o(!!!scatter)
    __scatterload_rt2_thumb_only             0x000000d5   Thumb Code     0  __scatter.o(!!!scatter)
    __scatterload_null                       0x000000e3   Thumb Code     0  __scatter.o(!!!scatter)
    __scatterload_copy                       0x00000109   Thumb Code    26  __scatter_copy.o(!!handler_copy)
    __scatterload_zeroinit                   0x00000125   Thumb Code    28  __scatter_zi.o(!!handler_zi)
    _printf_i                                0x00000141   Thumb Code     0  _printf_i.o(.ARM.Collect$$_printf_percent$$00000008)
    _printf_percent                          0x00000141   Thumb Code     0  _printf_percent.o(.ARM.Collect$$_printf_percent$$00000000)
    _printf_d                                0x00000147   Thumb Code     0  _printf_d.o(.ARM.Collect$$_printf_percent$$00000009)
    _printf_percent_end                      0x0000014d   Thumb Code     0  _printf_percent_end.o(.ARM.Collect$$_printf_percent$$00000017)
    __rt_lib_init                            0x00000151   Thumb Code     0  libinit.o(.ARM.Collect$$libinit$$00000000)
    __rt_lib_init_fp_1                       0x00000153   Thumb Code     0  libinit2.o(.ARM.Collect$$libinit$$00000002)
    __rt_lib_init_heap_1                     0x00000153   Thumb Code     0  libinit2.o(.ARM.Collect$$libinit$$0000000A)
    __rt_lib_init_lc_common                  0x00000153   Thumb Code     0  libinit2.o(.ARM.Collect$$libinit$$0000000F)
    __rt_lib_init_preinit_1                  0x00000153   Thumb Code     0  libinit2.o(.ARM.Collect$$libinit$$00000004)
    __rt_lib_init_rand_1                     0x00000153   Thumb Code     0  libinit2.o(.ARM.Collect$$libinit$$0000000E)
    __rt_lib_init_user_alloc_1               0x00000153   Thumb Code     0  libinit2.o(.ARM.Collect$$libinit$$0000000C)
    __rt_lib_init_lc_collate_1               0x00000159   Thumb Code     0  libinit2.o(.ARM.Collect$$libinit$$00000011)
    __rt_lib_init_lc_ctype_2                 0x00000159   Thumb Code     0  libinit2.o(.ARM.Collect$$libinit$$00000012)
    __rt_lib_init_alloca_1                   0x00000165   Thumb Code     0  libinit2.o(.ARM.Collect$$libinit$$0000002E)
    __rt_lib_init_argv_1                     0x00000165   Thumb Code     0  libinit2.o(.ARM.Collect$$libinit$$0000002C)
    __rt_lib_init_atexit_1                   0x00000165   Thumb Code     0  libinit2.o(.ARM.Collect$$libinit$$0000001B)
    __rt_lib_init_clock_1                    0x00000165   Thumb Code     0  libinit2.o(.ARM.Collect$$libinit$$00000021)
    __rt_lib_init_cpp_1                      0x00000165   Thumb Code     0  libinit2.o(.ARM.Collect$$libinit$$00000032)
    __rt_lib_init_exceptions_1               0x00000165   Thumb Code     0  libinit2.o(.ARM.Collect$$libinit$$00000030)
    __rt_lib_init_fp_trap_1                  0x00000165   Thumb Code     0  libinit2.o(.ARM.Collect$$libinit$$0000001F)
    __rt_lib_init_getenv_1                   0x00000165   Thumb Code     0  libinit2.o(.ARM.Collect$$libinit$$00000023)
    __rt_lib_init_lc_ctype_1                 0x00000165   Thumb Code     0  libinit2.o(.ARM.Collect$$libinit$$00000013)
    __rt_lib_init_lc_monetary_1              0x00000165   Thumb Code     0  libinit2.o(.ARM.Collect$$libinit$$00000015)
    __rt_lib_init_lc_numeric_1               0x00000165   Thumb Code     0  libinit2.o(.ARM.Collect$$libinit$$00000017)
    __rt_lib_init_lc_time_1                  0x00000165   Thumb Code     0  libinit2.o(.ARM.Collect$$libinit$$00000019)
    __rt_lib_init_return                     0x00000165   Thumb Code     0  libinit2.o(.ARM.Collect$$libinit$$00000033)
    __rt_lib_init_signal_1                   0x00000165   Thumb Code     0  libinit2.o(.ARM.Collect$$libinit$$0000001D)
    __rt_lib_init_stdio_1                    0x00000165   Thumb Code     0  libinit2.o(.ARM.Collect$$libinit$$00000025)
    __rt_lib_shutdown                        0x00000167   Thumb Code     0  libshutdown.o(.ARM.Collect$$libshutdown$$00000000)
    __rt_lib_shutdown_cpp_1                  0x00000169   Thumb Code     0  libshutdown2.o(.ARM.Collect$$libshutdown$$00000004)
    __rt_lib_shutdown_fini_1                 0x00000169   Thumb Code     0  libshutdown2.o(.ARM.Collect$$libshutdown$$00000002)
    __rt_lib_shutdown_fp_trap_1              0x00000169   Thumb Code     0  libshutdown2.o(.ARM.Collect$$libshutdown$$00000009)
    __rt_lib_shutdown_heap_1                 0x00000169   Thumb Code     0  libshutdown2.o(.ARM.Collect$$libshutdown$$00000011)
    __rt_lib_shutdown_return                 0x00000169   Thumb Code     0  libshutdown2.o(.ARM.Collect$$libshutdown$$00000012)
    __rt_lib_shutdown_signal_1               0x00000169   Thumb Code     0  libshutdown2.o(.ARM.Collect$$libshutdown$$0000000C)
    __rt_lib_shutdown_stdio_1                0x00000169   Thumb Code     0  libshutdown2.o(.ARM.Collect$$libshutdown$$00000006)
    __rt_lib_shutdown_user_alloc_1           0x00000169   Thumb Code     0  libshutdown2.o(.ARM.Collect$$libshutdown$$0000000E)
    __rt_entry                               0x0000016b   Thumb Code     0  __rtentry.o(.ARM.Collect$$rtentry$$00000000)
    __rt_entry_presh_1                       0x0000016b   Thumb Code     0  __rtentry2.o(.ARM.Collect$$rtentry$$00000002)
    __rt_entry_sh                            0x0000016b   Thumb Code     0  __rtentry4.o(.ARM.Collect$$rtentry$$00000004)
    __rt_entry_li                            0x00000171   Thumb Code     0  __rtentry2.o(.ARM.Collect$$rtentry$$0000000A)
    __rt_entry_postsh_1                      0x00000171   Thumb Code     0  __rtentry2.o(.ARM.Collect$$rtentry$$00000009)
    __rt_entry_main                          0x00000175   Thumb Code     0  __rtentry2.o(.ARM.Collect$$rtentry$$0000000D)
    __rt_entry_postli_1                      0x00000175   Thumb Code     0  __rtentry2.o(.ARM.Collect$$rtentry$$0000000C)
    __rt_exit                                0x0000017d   Thumb Code     0  rtexit.o(.ARM.Collect$$rtexit$$00000000)
    __rt_exit_ls                             0x0000017f   Thumb Code     0  rtexit2.o(.ARM.Collect$$rtexit$$00000003)
    __rt_exit_prels_1                        0x0000017f   Thumb Code     0  rtexit2.o(.ARM.Collect$$rtexit$$00000002)
    __rt_exit_exit                           0x00000183   Thumb Code     0  rtexit2.o(.ARM.Collect$$rtexit$$00000004)
    Reset_Handler                            0x00000189   Thumb Code     8  startup_lpc17xx.o(.text)
    NMI_Handler                              0x00000191   Thumb Code     2  startup_lpc17xx.o(.text)
    HardFault_Handler                        0x00000193   Thumb Code     2  startup_lpc17xx.o(.text)
    MemManage_Handler                        0x00000195   Thumb Code     2  startup_lpc17xx.o(.text)
    BusFault_Handler                         0x00000197   Thumb Code     2  startup_lpc17xx.o(.text)
    UsageFault_Handler                       0x00000199   Thumb Code     2  startup_lpc17xx.o(.text)
    SVC_Handler                              0x0000019b   Thumb Code     2  startup_lpc17xx.o(.text)
    DebugMon_Handler                         0x0000019d   Thumb Code     2  startup_lpc17xx.o(.text)
    PendSV_Handler                           0x0000019f   Thumb Code     2  startup_lpc17xx.o(.text)
    SysTick_Handler                          0x000001a1   Thumb Code     2  startup_lpc17xx.o(.text)
    ADC_IRQHandler                           0x000001a3   Thumb Code     0  startup_lpc17xx.o(.text)
    BOD_IRQHandler                           0x000001a3   Thumb Code     0  startup_lpc17xx.o(.text)
    CANActivity_IRQHandler                   0x000001a3   Thumb Code     0  startup_lpc17xx.o(.text)
    CAN_IRQHandler                           0x000001a3   Thumb Code     0  startup_lpc17xx.o(.text)
    DMA_IRQHandler                           0x000001a3   Thumb Code     0  startup_lpc17xx.o(.text)
    EINT0_IRQHandler                         0x000001a3   Thumb Code     0  startup_lpc17xx.o(.text)
    EINT1_IRQHandler                         0x000001a3   Thumb Code     0  startup_lpc17xx.o(.text)
    EINT2_IRQHandler                         0x000001a3   Thumb Code     0  startup_lpc17xx.o(.text)
    EINT3_IRQHandler                         0x000001a3   Thumb Code     0  startup_lpc17xx.o(.text)
    ENET_IRQHandler                          0x000001a3   Thumb Code     0  startup_lpc17xx.o(.text)
    I2C0_IRQHandler                          0x000001a3   Thumb Code     0  startup_lpc17xx.o(.text)
    I2C1_IRQHandler                          0x000001a3   Thumb Code     0  startup_lpc17xx.o(.text)
    I2C2_IRQHandler                          0x000001a3   Thumb Code     0  startup_lpc17xx.o(.text)
    I2S_IRQHandler                           0x000001a3   Thumb Code     0  startup_lpc17xx.o(.text)
    MCPWM_IRQHandler                         0x000001a3   Thumb Code     0  startup_lpc17xx.o(.text)
    PLL0_IRQHandler                          0x000001a3   Thumb Code     0  startup_lpc17xx.o(.text)
    PLL1_IRQHandler                          0x000001a3   Thumb Code     0  startup_lpc17xx.o(.text)
    PWM1_IRQHandler                          0x000001a3   Thumb Code     0  startup_lpc17xx.o(.text)
    QEI_IRQHandler                           0x000001a3   Thumb Code     0  startup_lpc17xx.o(.text)
    RIT_IRQHandler                           0x000001a3   Thumb Code     0  startup_lpc17xx.o(.text)
    RTC_IRQHandler                           0x000001a3   Thumb Code     0  startup_lpc17xx.o(.text)
    SPI_IRQHandler                           0x000001a3   Thumb Code     0  startup_lpc17xx.o(.text)
    SSP0_IRQHandler                          0x000001a3   Thumb Code     0  startup_lpc17xx.o(.text)
    SSP1_IRQHandler                          0x000001a3   Thumb Code     0  startup_lpc17xx.o(.text)
    TIMER1_IRQHandler                        0x000001a3   Thumb Code     0  startup_lpc17xx.o(.text)
    TIMER2_IRQHandler                        0x000001a3   Thumb Code     0  startup_lpc17xx.o(.text)
    TIMER3_IRQHandler                        0x000001a3   Thumb Code     0  startup_lpc17xx.o(.text)
    UART0_IRQHandler                         0x000001a3   Thumb Code     0  startup_lpc17xx.o(.text)
    UART1_IRQHandler                         0x000001a3   Thumb Code     0  startup_lpc17xx.o(.text)
    UART2_IRQHandler                         0x000001a3   Thumb Code     0  startup_lpc17xx.o(.text)
    UART3_IRQHandler                         0x000001a3   Thumb Code     0  startup_lpc17xx.o(.text)
    USBActivity_IRQHandler                   0x000001a3   Thumb Code     0  startup_lpc17xx.o(.text)
    USB_IRQHandler                           0x000001a3   Thumb Code     0  startup_lpc17xx.o(.text)
    WDT_IRQHandler                           0x000001a3   Thumb Code     0  startup_lpc17xx.o(.text)
    __user_initial_stackheap                 0x000001a5   Thumb Code     0  startup_lpc17xx.o(.text)
    __2sprintf                               0x000001c5   Thumb Code    34  noretval__2sprintf.o(.text)
    __printf                                 0x000001ed   Thumb Code   104  __printf.o(.text)
    _printf_int_dec                          0x00000255   Thumb Code   104  _printf_dec.o(.text)
    atoi                                     0x000002cd   Thumb Code    26  atoi.o(.text)
    __use_two_region_memory                  0x000002e7   Thumb Code     2  heapauxi.o(.text)
    __rt_heap_escrow$2region                 0x000002e9   Thumb Code     2  heapauxi.o(.text)
    __rt_heap_expand$2region                 0x000002eb   Thumb Code     2  heapauxi.o(.text)
    __aeabi_errno_addr                       0x000002ed   Thumb Code     8  rt_errno_addr_intlibspace.o(.text)
    __errno$intlibspace                      0x000002ed   Thumb Code     0  rt_errno_addr_intlibspace.o(.text)
    __rt_errno_addr$intlibspace              0x000002ed   Thumb Code     0  rt_errno_addr_intlibspace.o(.text)
    __user_libspace                          0x000002f5   Thumb Code     8  libspace.o(.text)
    __user_perproc_libspace                  0x000002f5   Thumb Code     0  libspace.o(.text)
    __user_perthread_libspace                0x000002f5   Thumb Code     0  libspace.o(.text)
    strstr                                   0x00000301   Thumb Code    36  strstr.o(.text)
    __aeabi_memcpy                           0x00000325   Thumb Code     0  rt_memcpy_v6.o(.text)
    __rt_memcpy                              0x00000325   Thumb Code   138  rt_memcpy_v6.o(.text)
    _memcpy_lastbytes                        0x0000038b   Thumb Code     0  rt_memcpy_v6.o(.text)
    __aeabi_memcpy4                          0x000003af   Thumb Code     0  rt_memcpy_w.o(.text)
    __aeabi_memcpy8                          0x000003af   Thumb Code     0  rt_memcpy_w.o(.text)
    __rt_memcpy_w                            0x000003af   Thumb Code   100  rt_memcpy_w.o(.text)
    _memcpy_lastbytes_aligned                0x000003f7   Thumb Code     0  rt_memcpy_w.o(.text)
    strcmp                                   0x00000415   Thumb Code   128  strcmpv7m.o(.text)
    _printf_int_common                       0x00000495   Thumb Code   178  _printf_intcommon.o(.text)
    _printf_char_common                      0x00000553   Thumb Code    32  _printf_char_common.o(.text)
    _sputc                                   0x00000579   Thumb Code    10  _sputc.o(.text)
    strtol                                   0x00000583   Thumb Code   112  strtol.o(.text)
    __rt_ctype_table                         0x000005f5   Thumb Code    16  rt_ctype_table.o(.text)
    _strtoul                                 0x00000605   Thumb Code   158  _strtoul.o(.text)
    __user_setup_stackheap                   0x000006a3   Thumb Code    74  sys_stackheap_outer.o(.text)
    __rt_locale                              0x000006ed   Thumb Code     8  rt_locale_intlibspace.o(.text)
    _chval                                   0x000006f5   Thumb Code    28  _chval.o(.text)
    exit                                     0x00000711   Thumb Code    18  exit.o(.text)
    _sys_exit                                0x00000725   Thumb Code     8  sys_exit.o(.text)
    __I$use$semihosting                      0x00000731   Thumb Code     0  use_no_semi.o(.text)
    __use_no_semihosting_swi                 0x00000731   Thumb Code     2  use_no_semi.o(.text)
    __semihosting_library_function           0x00000733   Thumb Code     0  indicate_semi.o(.text)
    GetASCIICode                             0x00000735   Thumb Code    26  asciilib.o(i.GetASCIICode)
    LCD_Clear                                0x00000755   Thumb Code  1514  glcd.o(i.LCD_Clear)
    LCD_DrawLine                             0x00000d5d   Thumb Code   250  glcd.o(i.LCD_DrawLine)
    LCD_Initialization                       0x00000e59   Thumb Code 12020  glcd.o(i.LCD_Initialization)
    LCD_PutChar                              0x00003d51   Thumb Code   100  glcd.o(i.LCD_PutChar)
    LCD_PutText                              0x00003db5   Thumb Code    80  glcd.o(i.LCD_PutText)
    LCD_SetPoint                             0x00004391   Thumb Code   206  glcd.o(i.LCD_SetPoint)
    LCD_draw_basketball                      0x00004465   Thumb Code   414  glcd.o(i.LCD_draw_basketball)
    LCD_draw_circle                          0x00004603   Thumb Code   190  glcd.o(i.LCD_draw_circle)
    LCD_draw_cube                            0x000046c1   Thumb Code   124  glcd.o(i.LCD_draw_cube)
    LCD_draw_home_side                       0x0000473d   Thumb Code    78  glcd.o(i.LCD_draw_home_side)
    LCD_draw_opponent_side                   0x0000478d   Thumb Code   192  glcd.o(i.LCD_draw_opponent_side)
    LCD_draw_pointholders                    0x00004851   Thumb Code    64  glcd.o(i.LCD_draw_pointholders)
    LCD_draw_teamholders                     0x00004891   Thumb Code    64  glcd.o(i.LCD_draw_teamholders)
    SERIAL_getChar_nb                        0x000048d1   Thumb Code    34  serial.o(i.SERIAL_getChar_nb)
    SERIAL_init                              0x00004901   Thumb Code   222  serial.o(i.SERIAL_init)
    SERIAL_putChar                           0x000049fd   Thumb Code    38  serial.o(i.SERIAL_putChar)
    SERIAL_putString                         0x00004a31   Thumb Code    26  serial.o(i.SERIAL_putString)
    SystemInit                               0x00004a4d   Thumb Code   302  system_lpc17xx.o(i.SystemInit)
    TIMER0_IRQHandler                        0x00004b8d   Thumb Code    20  timer.o(i.TIMER0_IRQHandler)
    clear_bt_receive_buff                    0x00004ba5   Thumb Code    28  main.o(i.clear_bt_receive_buff)
    directory                                0x00004be9   Thumb Code   430  main.o(i.directory)
    init_timer0                              0x00004eb1   Thumb Code   156  timer.o(i.init_timer0)
    main                                     0x00004f59   Thumb Code   818  main.o(i.main)
    readFromBT                               0x00005335   Thumb Code    88  main.o(i.readFromBT)
    sendCommand                              0x00005399   Thumb Code   116  main.o(i.sendCommand)
    _get_lc_ctype                            0x00005495   Thumb Code    44  lc_ctype_c.o(locale$$code)
    Region$$Table$$Base                      0x00005cb8   Number         0  anon$$obj.o(Region$$Table)
    Region$$Table$$Limit                     0x00005cd8   Number         0  anon$$obj.o(Region$$Table)
    __ctype                                  0x00005ce5   Data           0  lc_ctype_c.o(locale$$data)
    timer0_counter                           0x10000004   Data           4  main.o(.data)
    team_index                               0x10000008   Data           4  main.o(.data)
    check                                    0x1000000c   Data           4  main.o(.data)
    bt_receive_n                             0x10000010   Data           4  main.o(.data)
    SystemCoreClock                          0x10000014   Data           4  system_lpc17xx.o(.data)
    bt_receive_buff                          0x10000018   Data        1024  main.o(.bss)
    __libspace_start                         0x10000418   Data          96  libspace.o(.bss)
    __temporary_stack_top$libspace           0x10000478   Data           0  libspace.o(.bss)



==============================================================================

Memory Map of the image

  Image Entry point : 0x00000189

  Load Region LR_1 (Base: 0x00000000, Size: 0x00005e00, Max: 0xffffffff, ABSOLUTE)

    Execution Region ER_RO (Exec base: 0x00000000, Load base: 0x00000000, Size: 0x00005de8, Max: 0xffffffff, ABSOLUTE)

    Exec Addr    Load Addr    Size         Type   Attr      Idx    E Section Name        Object

    0x00000000   0x00000000   0x000000cc   Data   RO          466    RESET               startup_lpc17xx.o
    0x000000cc   0x000000cc   0x00000008   Code   RO          557  * !!!main             c_w.l(__main.o)
    0x000000d4   0x000000d4   0x00000034   Code   RO          756    !!!scatter          c_w.l(__scatter.o)
    0x00000108   0x00000108   0x0000001a   Code   RO          758    !!handler_copy      c_w.l(__scatter_copy.o)
    0x00000122   0x00000122   0x00000002   PAD
    0x00000124   0x00000124   0x0000001c   Code   RO          760    !!handler_zi        c_w.l(__scatter_zi.o)
    0x00000140   0x00000140   0x00000000   Code   RO          544    .ARM.Collect$$_printf_percent$$00000000  c_w.l(_printf_percent.o)
    0x00000140   0x00000140   0x00000006   Code   RO          542    .ARM.Collect$$_printf_percent$$00000008  c_w.l(_printf_i.o)
    0x00000146   0x00000146   0x00000006   Code   RO          543    .ARM.Collect$$_printf_percent$$00000009  c_w.l(_printf_d.o)
    0x0000014c   0x0000014c   0x00000004   Code   RO          575    .ARM.Collect$$_printf_percent$$00000017  c_w.l(_printf_percent_end.o)
    0x00000150   0x00000150   0x00000002   Code   RO          627    .ARM.Collect$$libinit$$00000000  c_w.l(libinit.o)
    0x00000152   0x00000152   0x00000000   Code   RO          637    .ARM.Collect$$libinit$$00000002  c_w.l(libinit2.o)
    0x00000152   0x00000152   0x00000000   Code   RO          639    .ARM.Collect$$libinit$$00000004  c_w.l(libinit2.o)
    0x00000152   0x00000152   0x00000000   Code   RO          642    .ARM.Collect$$libinit$$0000000A  c_w.l(libinit2.o)
    0x00000152   0x00000152   0x00000000   Code   RO          644    .ARM.Collect$$libinit$$0000000C  c_w.l(libinit2.o)
    0x00000152   0x00000152   0x00000000   Code   RO          646    .ARM.Collect$$libinit$$0000000E  c_w.l(libinit2.o)
    0x00000152   0x00000152   0x00000006   Code   RO          647    .ARM.Collect$$libinit$$0000000F  c_w.l(libinit2.o)
    0x00000158   0x00000158   0x00000000   Code   RO          649    .ARM.Collect$$libinit$$00000011  c_w.l(libinit2.o)
    0x00000158   0x00000158   0x0000000c   Code   RO          650    .ARM.Collect$$libinit$$00000012  c_w.l(libinit2.o)
    0x00000164   0x00000164   0x00000000   Code   RO          651    .ARM.Collect$$libinit$$00000013  c_w.l(libinit2.o)
    0x00000164   0x00000164   0x00000000   Code   RO          653    .ARM.Collect$$libinit$$00000015  c_w.l(libinit2.o)
    0x00000164   0x00000164   0x00000000   Code   RO          655    .ARM.Collect$$libinit$$00000017  c_w.l(libinit2.o)
    0x00000164   0x00000164   0x00000000   Code   RO          657    .ARM.Collect$$libinit$$00000019  c_w.l(libinit2.o)
    0x00000164   0x00000164   0x00000000   Code   RO          659    .ARM.Collect$$libinit$$0000001B  c_w.l(libinit2.o)
    0x00000164   0x00000164   0x00000000   Code   RO          661    .ARM.Collect$$libinit$$0000001D  c_w.l(libinit2.o)
    0x00000164   0x00000164   0x00000000   Code   RO          663    .ARM.Collect$$libinit$$0000001F  c_w.l(libinit2.o)
    0x00000164   0x00000164   0x00000000   Code   RO          665    .ARM.Collect$$libinit$$00000021  c_w.l(libinit2.o)
    0x00000164   0x00000164   0x00000000   Code   RO          667    .ARM.Collect$$libinit$$00000023  c_w.l(libinit2.o)
    0x00000164   0x00000164   0x00000000   Code   RO          669    .ARM.Collect$$libinit$$00000025  c_w.l(libinit2.o)
    0x00000164   0x00000164   0x00000000   Code   RO          673    .ARM.Collect$$libinit$$0000002C  c_w.l(libinit2.o)
    0x00000164   0x00000164   0x00000000   Code   RO          675    .ARM.Collect$$libinit$$0000002E  c_w.l(libinit2.o)
    0x00000164   0x00000164   0x00000000   Code   RO          677    .ARM.Collect$$libinit$$00000030  c_w.l(libinit2.o)
    0x00000164   0x00000164   0x00000000   Code   RO          679    .ARM.Collect$$libinit$$00000032  c_w.l(libinit2.o)
    0x00000164   0x00000164   0x00000002   Code   RO          680    .ARM.Collect$$libinit$$00000033  c_w.l(libinit2.o)
    0x00000166   0x00000166   0x00000002   Code   RO          711    .ARM.Collect$$libshutdown$$00000000  c_w.l(libshutdown.o)
    0x00000168   0x00000168   0x00000000   Code   RO          737    .ARM.Collect$$libshutdown$$00000002  c_w.l(libshutdown2.o)
    0x00000168   0x00000168   0x00000000   Code   RO          739    .ARM.Collect$$libshutdown$$00000004  c_w.l(libshutdown2.o)
    0x00000168   0x00000168   0x00000000   Code   RO          741    .ARM.Collect$$libshutdown$$00000006  c_w.l(libshutdown2.o)
    0x00000168   0x00000168   0x00000000   Code   RO          744    .ARM.Collect$$libshutdown$$00000009  c_w.l(libshutdown2.o)
    0x00000168   0x00000168   0x00000000   Code   RO          747    .ARM.Collect$$libshutdown$$0000000C  c_w.l(libshutdown2.o)
    0x00000168   0x00000168   0x00000000   Code   RO          749    .ARM.Collect$$libshutdown$$0000000E  c_w.l(libshutdown2.o)
    0x00000168   0x00000168   0x00000000   Code   RO          752    .ARM.Collect$$libshutdown$$00000011  c_w.l(libshutdown2.o)
    0x00000168   0x00000168   0x00000002   Code   RO          753    .ARM.Collect$$libshutdown$$00000012  c_w.l(libshutdown2.o)
    0x0000016a   0x0000016a   0x00000000   Code   RO          559    .ARM.Collect$$rtentry$$00000000  c_w.l(__rtentry.o)
    0x0000016a   0x0000016a   0x00000000   Code   RO          582    .ARM.Collect$$rtentry$$00000002  c_w.l(__rtentry2.o)
    0x0000016a   0x0000016a   0x00000006   Code   RO          594    .ARM.Collect$$rtentry$$00000004  c_w.l(__rtentry4.o)
    0x00000170   0x00000170   0x00000000   Code   RO          584    .ARM.Collect$$rtentry$$00000009  c_w.l(__rtentry2.o)
    0x00000170   0x00000170   0x00000004   Code   RO          585    .ARM.Collect$$rtentry$$0000000A  c_w.l(__rtentry2.o)
    0x00000174   0x00000174   0x00000000   Code   RO          587    .ARM.Collect$$rtentry$$0000000C  c_w.l(__rtentry2.o)
    0x00000174   0x00000174   0x00000008   Code   RO          588    .ARM.Collect$$rtentry$$0000000D  c_w.l(__rtentry2.o)
    0x0000017c   0x0000017c   0x00000002   Code   RO          628    .ARM.Collect$$rtexit$$00000000  c_w.l(rtexit.o)
    0x0000017e   0x0000017e   0x00000000   Code   RO          684    .ARM.Collect$$rtexit$$00000002  c_w.l(rtexit2.o)
    0x0000017e   0x0000017e   0x00000004   Code   RO          685    .ARM.Collect$$rtexit$$00000003  c_w.l(rtexit2.o)
    0x00000182   0x00000182   0x00000006   Code   RO          686    .ARM.Collect$$rtexit$$00000004  c_w.l(rtexit2.o)
    0x00000188   0x00000188   0x0000003c   Code   RO          468  * .text               startup_lpc17xx.o
    0x000001c4   0x000001c4   0x00000028   Code   RO          516    .text               c_w.l(noretval__2sprintf.o)
    0x000001ec   0x000001ec   0x00000068   Code   RO          518    .text               c_w.l(__printf.o)
    0x00000254   0x00000254   0x00000078   Code   RO          520    .text               c_w.l(_printf_dec.o)
    0x000002cc   0x000002cc   0x0000001a   Code   RO          545    .text               c_w.l(atoi.o)
    0x000002e6   0x000002e6   0x00000006   Code   RO          555    .text               c_w.l(heapauxi.o)
    0x000002ec   0x000002ec   0x00000008   Code   RO          567    .text               c_w.l(rt_errno_addr_intlibspace.o)
    0x000002f4   0x000002f4   0x00000008   Code   RO          578    .text               c_w.l(libspace.o)
    0x000002fc   0x000002fc   0x00000004   Code   RO          467    .ARM.__at_0x02FC    startup_lpc17xx.o
    0x00000300   0x00000300   0x00000024   Code   RO          547    .text               c_w.l(strstr.o)
    0x00000324   0x00000324   0x0000008a   Code   RO          549    .text               c_w.l(rt_memcpy_v6.o)
    0x000003ae   0x000003ae   0x00000064   Code   RO          551    .text               c_w.l(rt_memcpy_w.o)
    0x00000412   0x00000412   0x00000002   PAD
    0x00000414   0x00000414   0x00000080   Code   RO          553    .text               c_w.l(strcmpv7m.o)
    0x00000494   0x00000494   0x000000b2   Code   RO          569    .text               c_w.l(_printf_intcommon.o)
    0x00000546   0x00000546   0x00000002   PAD
    0x00000548   0x00000548   0x00000030   Code   RO          571    .text               c_w.l(_printf_char_common.o)
    0x00000578   0x00000578   0x0000000a   Code   RO          573    .text               c_w.l(_sputc.o)
    0x00000582   0x00000582   0x00000070   Code   RO          576    .text               c_w.l(strtol.o)
    0x000005f2   0x000005f2   0x00000002   PAD
    0x000005f4   0x000005f4   0x00000010   Code   RO          596    .text               c_w.l(rt_ctype_table.o)
    0x00000604   0x00000604   0x0000009e   Code   RO          602    .text               c_w.l(_strtoul.o)
    0x000006a2   0x000006a2   0x0000004a   Code   RO          604    .text               c_w.l(sys_stackheap_outer.o)
    0x000006ec   0x000006ec   0x00000008   Code   RO          609    .text               c_w.l(rt_locale_intlibspace.o)
    0x000006f4   0x000006f4   0x0000001c   Code   RO          611    .text               c_w.l(_chval.o)
    0x00000710   0x00000710   0x00000012   Code   RO          616    .text               c_w.l(exit.o)
    0x00000722   0x00000722   0x00000002   PAD
    0x00000724   0x00000724   0x0000000c   Code   RO          681    .text               c_w.l(sys_exit.o)
    0x00000730   0x00000730   0x00000002   Code   RO          700    .text               c_w.l(use_no_semi.o)
    0x00000732   0x00000732   0x00000000   Code   RO          702    .text               c_w.l(indicate_semi.o)
    0x00000732   0x00000732   0x00000002   PAD
    0x00000734   0x00000734   0x00000020   Code   RO            1    i.GetASCIICode      asciilib.o
    0x00000754   0x00000754   0x000005f0   Code   RO           27    i.LCD_Clear         glcd.o
    0x00000d44   0x00000d44   0x00000018   Code   RO           28    i.LCD_Configuration  glcd.o
    0x00000d5c   0x00000d5c   0x000000fa   Code   RO           30    i.LCD_DrawLine      glcd.o
    0x00000e56   0x00000e56   0x00000002   PAD
    0x00000e58   0x00000e58   0x00002ef8   Code   RO           32    i.LCD_Initialization  glcd.o
    0x00003d50   0x00003d50   0x00000064   Code   RO           33    i.LCD_PutChar       glcd.o
    0x00003db4   0x00003db4   0x00000050   Code   RO           34    i.LCD_PutText       glcd.o
    0x00003e04   0x00003e04   0x0000058c   Code   RO           35    i.LCD_SetCursor     glcd.o
    0x00004390   0x00004390   0x000000d4   Code   RO           36    i.LCD_SetPoint      glcd.o
    0x00004464   0x00004464   0x0000019e   Code   RO           37    i.LCD_draw_basketball  glcd.o
    0x00004602   0x00004602   0x000000be   Code   RO           38    i.LCD_draw_circle   glcd.o
    0x000046c0   0x000046c0   0x0000007c   Code   RO           40    i.LCD_draw_cube     glcd.o
    0x0000473c   0x0000473c   0x0000004e   Code   RO           41    i.LCD_draw_home_side  glcd.o
    0x0000478a   0x0000478a   0x00000002   PAD
    0x0000478c   0x0000478c   0x000000c4   Code   RO           43    i.LCD_draw_opponent_side  glcd.o
    0x00004850   0x00004850   0x00000040   Code   RO           44    i.LCD_draw_pointholders  glcd.o
    0x00004890   0x00004890   0x00000040   Code   RO           46    i.LCD_draw_teamholders  glcd.o
    0x000048d0   0x000048d0   0x00000030   Code   RO          291    i.SERIAL_getChar_nb  serial.o
    0x00004900   0x00004900   0x000000fc   Code   RO          292    i.SERIAL_init       serial.o
    0x000049fc   0x000049fc   0x00000034   Code   RO          293    i.SERIAL_putChar    serial.o
    0x00004a30   0x00004a30   0x0000001a   Code   RO          294    i.SERIAL_putString  serial.o
    0x00004a4a   0x00004a4a   0x00000002   PAD
    0x00004a4c   0x00004a4c   0x00000140   Code   RO          478    i.SystemInit        system_lpc17xx.o
    0x00004b8c   0x00004b8c   0x00000018   Code   RO          348    i.TIMER0_IRQHandler  timer.o
    0x00004ba4   0x00004ba4   0x00000024   Code   RO          213    i.clear_bt_receive_buff  main.o
    0x00004bc8   0x00004bc8   0x0000001e   Code   RO           47    i.delay_ms          glcd.o
    0x00004be6   0x00004be6   0x00000002   PAD
    0x00004be8   0x00004be8   0x000002c8   Code   RO          214    i.directory         main.o
    0x00004eb0   0x00004eb0   0x000000a8   Code   RO          352    i.init_timer0       timer.o
    0x00004f58   0x00004f58   0x000003dc   Code   RO          215    i.main              main.o
    0x00005334   0x00005334   0x00000064   Code   RO          216    i.readFromBT        main.o
    0x00005398   0x00005398   0x000000f0   Code   RO          217    i.sendCommand       main.o
    0x00005488   0x00005488   0x0000000c   Code   RO           48    i.wait_delay        glcd.o
    0x00005494   0x00005494   0x0000002c   Code   RO          614    locale$$code        c_w.l(lc_ctype_c.o)
    0x000054c0   0x000054c0   0x000005f0   Data   RO            2    .constdata          asciilib.o
    0x00005ab0   0x00005ab0   0x000000f0   Data   RO          219    .constdata          main.o
    0x00005ba0   0x00005ba0   0x00000115   Data   RO          220    .conststring        main.o
    0x00005cb5   0x00005cb5   0x00000003   PAD
    0x00005cb8   0x00005cb8   0x00000020   Data   RO          754    Region$$Table       anon$$obj.o
    0x00005cd8   0x00005cd8   0x00000110   Data   RO          613    locale$$data        c_w.l(lc_ctype_c.o)


    Execution Region ER_RW (Exec base: 0x10000000, Load base: 0x00005de8, Size: 0x00000018, Max: 0xffffffff, ABSOLUTE)

    Exec Addr    Load Addr    Size         Type   Attr      Idx    E Section Name        Object

    0x10000000   0x00005de8   0x00000001   Data   RW           49    .data               glcd.o
    0x10000001   0x00005de9   0x00000003   PAD
    0x10000004   0x00005dec   0x00000010   Data   RW          221    .data               main.o
    0x10000014   0x00005dfc   0x00000004   Data   RW          479    .data               system_lpc17xx.o


    Execution Region ER_ZI (Exec base: 0x10000018, Load base: 0x00005e00, Size: 0x00000660, Max: 0xffffffff, ABSOLUTE)

    Exec Addr    Load Addr    Size         Type   Attr      Idx    E Section Name        Object

    0x10000018        -       0x00000400   Zero   RW          218    .bss                main.o
    0x10000418        -       0x00000060   Zero   RW          579    .bss                c_w.l(libspace.o)
    0x10000478        -       0x00000000   Zero   RW          465    HEAP                startup_lpc17xx.o
    0x10000478        -       0x00000200   Zero   RW          464    STACK               startup_lpc17xx.o


==============================================================================

Image component sizes


      Code (inc. data)   RO Data    RW Data    ZI Data      Debug   Object Name

        32          6       1520          0          0       2491   asciilib.o
     16802        114          0          1          0      48052   glcd.o
      2076        596        517         16       1024       5057   main.o
       378         58          0          0          0      19786   serial.o
        64         26        204          0        512       1068   startup_lpc17xx.o
       320         18          0          4          0        875   system_lpc17xx.o
       192         16          0          0          0      44473   timer.o

    ----------------------------------------------------------------------
     19872        834       2276         24       1536     121802   Object Totals
         0          0         32          0          0          0   (incl. Generated)
         8          0          3          3          0          0   (incl. Padding)

    ----------------------------------------------------------------------

      Code (inc. data)   RO Data    RW Data    ZI Data      Debug   Library Member Name

         8          0          0          0          0         68   __main.o
       104          0          0          0          0         84   __printf.o
         0          0          0          0          0          0   __rtentry.o
        12          0          0          0          0          0   __rtentry2.o
         6          0          0          0          0          0   __rtentry4.o
        52          8          0          0          0          0   __scatter.o
        26          0          0          0          0          0   __scatter_copy.o
        28          0          0          0          0          0   __scatter_zi.o
        28          0          0          0          0         68   _chval.o
        48          6          0          0          0         96   _printf_char_common.o
         6          0          0          0          0          0   _printf_d.o
       120         16          0          0          0         92   _printf_dec.o
         6          0          0          0          0          0   _printf_i.o
       178          0          0          0          0         88   _printf_intcommon.o
         0          0          0          0          0          0   _printf_percent.o
         4          0          0          0          0          0   _printf_percent_end.o
        10          0          0          0          0         68   _sputc.o
       158          0          0          0          0         92   _strtoul.o
        26          0          0          0          0         80   atoi.o
        18          0          0          0          0         80   exit.o
         6          0          0          0          0        152   heapauxi.o
         0          0          0          0          0          0   indicate_semi.o
        44         10        272          0          0         76   lc_ctype_c.o
         2          0          0          0          0          0   libinit.o
        20          0          0          0          0          0   libinit2.o
         2          0          0          0          0          0   libshutdown.o
         2          0          0          0          0          0   libshutdown2.o
         8          4          0          0         96         68   libspace.o
        40          6          0          0          0         84   noretval__2sprintf.o
        16          4          0          0          0         76   rt_ctype_table.o
         8          4          0          0          0         68   rt_errno_addr_intlibspace.o
         8          4          0          0          0         68   rt_locale_intlibspace.o
       138          0          0          0          0         68   rt_memcpy_v6.o
       100          0          0          0          0         80   rt_memcpy_w.o
         2          0          0          0          0          0   rtexit.o
        10          0          0          0          0          0   rtexit2.o
       128          0          0          0          0         68   strcmpv7m.o
        36          0          0          0          0         80   strstr.o
       112          0          0          0          0         88   strtol.o
        12          4          0          0          0         68   sys_exit.o
        74          0          0          0          0         80   sys_stackheap_outer.o
         2          0          0          0          0         68   use_no_semi.o

    ----------------------------------------------------------------------
      1620         66        272          0         96       2008   Library Totals
        12          0          0          0          0          0   (incl. Padding)

    ----------------------------------------------------------------------

      Code (inc. data)   RO Data    RW Data    ZI Data      Debug   Library Name

      1608         66        272          0         96       2008   c_w.l

    ----------------------------------------------------------------------
      1620         66        272          0         96       2008   Library Totals

    ----------------------------------------------------------------------

==============================================================================


      Code (inc. data)   RO Data    RW Data    ZI Data      Debug   

     21492        900       2548         24       1632     121310   Grand Totals
     21492        900       2548         24       1632     121310   ELF Image Totals
     21492        900       2548         24          0          0   ROM Totals

==============================================================================

    Total RO  Size (Code + RO Data)                24040 (  23.48kB)
    Total RW  Size (RW Data + ZI Data)              1656 (   1.62kB)
    Total ROM Size (Code + RO Data + RW Data)      24064 (  23.50kB)

==============================================================================

